Microchip MPLAB XC8 Compiler V2.32

Linker command line:

-W-3 --edf=C:\Program Files\Microchip\xc8\v2.32\pic\dat\en_msgs.txt -cn \
  -h+dist/default/production\ADC_Voltage_pic16f877a.X.production.sym \
  --cmf=dist/default/production\ADC_Voltage_pic16f877a.X.production.cmf -z \
  -Q16F877A -oC:\Users\Linh\AppData\Local\Temp\xcAs6ps.4 \
  --defsym=__MPLAB_BUILD=1 \
  -Mdist/default/production/ADC_Voltage_pic16f877a.X.production.map -E1 \
  -ver=XC8 Compiler --acfsm=1493 -ASTACK=0110h-016Fh -pstack=STACK \
  -ACODE=00h-07FFhx4 -ASTRCODE=00h-01FFFh -ASTRING=00h-0FFhx32 \
  -ACONST=00h-0FFhx32 -AENTRY=00h-0FFhx32 -ACOMMON=070h-07Fh \
  -ABANK0=020h-06Fh -ABANK1=0A0h-0EFh -ABANK2=0110h-016Fh \
  -ABANK3=0190h-01EFh -ARAM=020h-06Fh,0A0h-0EFh,0110h-016Fh,0190h-01EFh \
  -AABS1=020h-07Fh,0A0h-0EFh,0110h-016Fh,0190h-01EFh -ASFR0=00h-01Fh \
  -ASFR1=080h-09Fh -ASFR2=0100h-010Fh -ASFR3=0180h-018Fh \
  -ACONFIG=02007h-02007h -DCONFIG=2 -AIDLOC=02000h-02003h -DIDLOC=2 \
  -AEEDATA=00h-0FFh/02100h -peeprom_data=EEDATA -DEEDATA=2 -DCODE=2 \
  -DSTRCODE=2 -DSTRING=2 -DCONST=2 -DENTRY=2 \
  -preset_vec=00h,intentry,init,end_init -ppowerup=CODE -pcinit=CODE \
  -pfunctab=ENTRY -k C:\Users\Linh\AppData\Local\Temp\xcAs6ps.o \
  dist/default/production\ADC_Voltage_pic16f877a.X.production.o 

Object code version is 3.11

Machine type is 16F877A



                Name                               Link     Load   Length Selector   Space Scale
C:\Users\Linh\AppData\Local\Temp\xcAs6ps.o
                end_init                              0        0        3        0       0
                config                             2007     2007        1        0       4
dist/default/production\ADC_Voltage_pic16f877a.X.production.o
                cinit                               7E2      7E2       1E      FC4       0
                config                             2007     2007        1        0       4
                text7                               5F4      5F4        E      BE8       0
                text6                               602      602        E      C04       0
                text5                               610      610        E      C20       0
                text4                               61E      61E        E      C3C       0
                text3                               6BC      6BC       44      D78       0
                text2                               682      682       3A      D04       0
                text1                               700      700       E2      E00       0
                maintext                            653      653       2F      CA6       0
                cstackCOMMON                         70       70        C       70       1
                inittext                            62C      62C       13      C58       0
                dataBANK0                            20       20       14       20       1
                bssBANK0                             34       34        A       20       1
                bssCOMMON                            7C       7C        2       70       1
                idataBANK0                          63F      63F       14      C7E       0

TOTAL           Name                               Link     Load   Length     Space
        CLASS   STACK          

        CLASS   CODE           
                end_init                              0        0        3         0
                cinit                               7E2      7E2       1E         0
                text7                               5F4      5F4        E         0
                text6                               602      602        E         0
                text5                               610      610        E         0
                text4                               61E      61E        E         0
                text3                               6BC      6BC       44         0
                text2                               682      682       3A         0
                text1                               700      700       E2         0
                maintext                            653      653       2F         0
                inittext                            62C      62C       13         0
                idataBANK0                          63F      63F       14         0

        CLASS   STRCODE        

        CLASS   STRING         

        CLASS   CONST          

        CLASS   ENTRY          

        CLASS   COMMON         
                cstackCOMMON                         70       70        C         1
                bssCOMMON                            7C       7C        2         1

        CLASS   BANK0          
                dataBANK0                            20       20       14         1
                bssBANK0                             34       34        A         1

        CLASS   BANK1          

        CLASS   BANK2          

        CLASS   BANK3          

        CLASS   RAM            

        CLASS   ABS1           
                abs_s1                               7E       7E        2         1

        CLASS   SFR0           

        CLASS   SFR1           

        CLASS   SFR2           

        CLASS   SFR3           

        CLASS   CONFIG         
                config                             2007     2007        1         4

        CLASS   IDLOC          

        CLASS   EEDATA         



SEGMENTS        Name                           Load    Length   Top    Selector   Space  Class     Delta

                reset_vec                      000000  000003  000003         0       0  CODE        2
                dataBANK0                      000020  00001E  00003E        20       1  BANK0       1
                cstackCOMMON                   000070  00000E  00007E        70       1  COMMON      1
                text7                          0005F4  00000E  000602       BE8       0  CODE        2
                text6                          000602  00000E  000610       C04       0  CODE        2
                text5                          000610  00000E  00061E       C20       0  CODE        2
                text4                          00061E  00000E  00062C       C3C       0  CODE        2
                inittext                       00062C  000013  00063F       C58       0  CODE        2
                idataBANK0                     00063F  000014  000653       C7E       0  CODE        2
                maintext                       000653  00002F  000682       CA6       0  CODE        2
                text2                          000682  00003A  0006BC       D04       0  CODE        2
                text3                          0006BC  000044  000700       D78       0  CODE        2
                text1                          000700  0000E2  0007E2       E00       0  CODE        2
                cinit                          0007E2  00001E  000800       FC4       0  CODE        2


UNUSED ADDRESS RANGES

        Name                Unused          Largest block    Delta
        BANK0            003E-006F             32           1
        BANK1            00A0-00EF             50           1
        BANK2            0110-016F             60           1
        BANK3            0190-01EF             60           1
        CODE             0003-05F3            5F1           2
                         0800-1FFF            800
        CONST            0003-05F3            100           2
                         0800-1FFF            100
        EEDATA           2100-21FF            100           2
        ENTRY            0003-05F3            100           2
                         0800-1FFF            100
        IDLOC            2000-2003              4           2
        RAM              003E-006F             32           1
                         00A0-00EF             50
                         0110-016F             60
                         0190-01EF             60
        SFR0             0000-001F             20           1
        SFR1             0080-009F             20           1
        SFR2             0100-010F             10           1
        SFR3             0180-018F             10           1
        STACK            0110-016F             60           1
        STRCODE          0003-05F3            5F1           2
                         0800-1FFF           1800
        STRING           0003-05F3            100           2
                         0800-1FFF            100

                                  Symbol Table

?___lwdiv                cstackCOMMON 0070
?___lwmod                cstackCOMMON 0070
HangChuc@hangchuc        cstackCOMMON 0070
HangDV@hangdv            cstackCOMMON 0070
HangNghin@hangnghin      cstackCOMMON 0070
HangTram@hangtram        cstackCOMMON 0070
Lcd_Display@Vol          cstackCOMMON 0078
_ADCON0                  (abs)        001F
_ADCON0bits              (abs)        001F
_ADCON1                  (abs)        009F
_ADRESH                  (abs)        001E
_ADRESL                  (abs)        009E
_HangChuc                text7        05F4
_HangDV                  text6        0602
_HangNghin               text5        0610
_HangTram                text4        061E
_Lcd_Display             text1        0700
_PORTC                   (abs)        0007
_PORTD                   (abs)        0008
_PORTDbits               (abs)        0008
_TRISA                   (abs)        0085
_TRISC                   (abs)        0087
_TRISD                   (abs)        0088
_Vol                     bssBANK0     0034
__Habs1                  abs1         0000
__Hbank0                 bank0        0000
__Hbank1                 bank1        0000
__Hbank2                 bank2        0000
__Hbank3                 bank3        0000
__HbssBANK0              bssBANK0     0000
__HbssCOMMON             bssCOMMON    0000
__Hcinit                 cinit        0800
__Hclrtext               clrtext      0000
__Hcode                  code         0000
__Hcommon                common       0000
__Hconfig                config       2008
__HcstackCOMMON          cstackCOMMON 0000
__HdataBANK0             dataBANK0    0000
__Heeprom_data           eeprom_data  0000
__Hend_init              end_init     0003
__Hfunctab               functab      0000
__HidataBANK0            idataBANK0   0000
__Hinit                  init         0000
__Hinittext              inittext     0000
__Hintentry              intentry     0000
__Hmaintext              maintext     0000
__Hpowerup               powerup      0000
__Hram                   ram          0000
__Hreset_vec             reset_vec    0000
__Hsfr0                  sfr0         0000
__Hsfr1                  sfr1         0000
__Hsfr2                  sfr2         0000
__Hsfr3                  sfr3         0000
__Hspace_0               (abs)        0800
__Hspace_1               (abs)        007E
__Hspace_2               (abs)        0000
__Hspace_3               (abs)        0000
__Hspace_4               (abs)        400F
__Hstack                 stack        0000
__Hstrings               strings      0000
__Htext                  text         0000
__Labs1                  abs1         0000
__Lbank0                 bank0        0000
__Lbank1                 bank1        0000
__Lbank2                 bank2        0000
__Lbank3                 bank3        0000
__LbssBANK0              bssBANK0     0000
__LbssCOMMON             bssCOMMON    0000
__Lcinit                 cinit        07E2
__Lclrtext               clrtext      0000
__Lcode                  code         0000
__Lcommon                common       0000
__Lconfig                config       0000
__LcstackCOMMON          cstackCOMMON 0000
__LdataBANK0             dataBANK0    0000
__Leeprom_data           eeprom_data  0000
__Lend_init              end_init     0000
__Lfunctab               functab      0000
__LidataBANK0            idataBANK0   0000
__Linit                  init         0000
__Linittext              inittext     0000
__Lintentry              intentry     0000
__Lmaintext              maintext     0000
__Lpowerup               powerup      0000
__Lram                   ram          0000
__Lreset_vec             reset_vec    0000
__Lsfr0                  sfr0         0000
__Lsfr1                  sfr1         0000
__Lsfr2                  sfr2         0000
__Lsfr3                  sfr3         0000
__Lspace_0               (abs)        0000
__Lspace_1               (abs)        0000
__Lspace_2               (abs)        0000
__Lspace_3               (abs)        0000
__Lspace_4               (abs)        0000
__Lstack                 stack        0000
__Lstrings               strings      0000
__Ltext                  text         0000
__S0                     (abs)        0800
__S1                     (abs)        007E
__S2                     (abs)        0000
__S3                     (abs)        0000
___int_sp                stack        0000
___latbits               (abs)        0002
___lwdiv                 text3        06BC
___lwdiv@counter         cstackCOMMON 0077
___lwdiv@dividend        cstackCOMMON 0072
___lwdiv@divisor         cstackCOMMON 0070
___lwdiv@quotient        cstackCOMMON 0075
___lwmod                 text2        0682
___lwmod@counter         cstackCOMMON 0075
___lwmod@dividend        cstackCOMMON 0072
___lwmod@divisor         cstackCOMMON 0070
___sp                    stack        0000
___stackhi               (abs)        0000
___stacklo               (abs)        0000
__end_of_HangChuc        text7        0602
__end_of_HangDV          text6        0610
__end_of_HangNghin       text5        061E
__end_of_HangTram        text4        062C
__end_of_Lcd_Display     text1        07E2
__end_of___lwdiv         text3        0700
__end_of___lwmod         text2        06BC
__end_of__initialization cinit        07FC
__end_of_main            maintext     0682
__initialization         cinit        07E2
__pbssBANK0              bssBANK0     0034
__pbssCOMMON             bssCOMMON    007C
__pcstackCOMMON          cstackCOMMON 0070
__pdataBANK0             dataBANK0    0020
__pidataBANK0            idataBANK0   063F
__pmaintext              maintext     0653
__ptext1                 text1        0700
__ptext2                 text2        0682
__ptext3                 text3        06BC
__ptext4                 text4        061E
__ptext5                 text5        0610
__ptext6                 text6        0602
__ptext7                 text7        05F4
__size_of_HangChuc       (abs)        0000
__size_of_HangDV         (abs)        0000
__size_of_HangNghin      (abs)        0000
__size_of_HangTram       (abs)        0000
__size_of_Lcd_Display    (abs)        0000
__size_of___lwdiv        (abs)        0000
__size_of___lwmod        (abs)        0000
__size_of_main           (abs)        0000
_hangchuc                bssBANK0     0038
_hangdv                  bssBANK0     0036
_hangnghin               bssBANK0     003C
_hangtram                bssBANK0     003A
_ledcode                 dataBANK0    0020
_main                    maintext     0653
_tempCTemp               bssCOMMON    007C
btemp                    (abs)        007E
end_of_initialization    cinit        07FC
init_fetch0              inittext     062C
init_ram0                inittext     0630
intlevel0                functab      0000
intlevel1                functab      0000
intlevel2                functab      0000
intlevel3                functab      0000
intlevel4                functab      0000
intlevel5                functab      0000
reset_vec                reset_vec    0000
start                    init         0000
start_initialization     cinit        07E2
wtemp0                   (abs)        007E


MODULE INFORMATION

Module		Function		Class		Link	Load	Size
newmain.c
		_main          		CODE           	0653	0000	47
		_HangChuc      		CODE           	05F4	0000	14
		_Lcd_Display   		CODE           	0700	0000	226
		_HangDV        		CODE           	0602	0000	14
		_HangTram      		CODE           	061E	0000	14
		_HangNghin     		CODE           	0610	0000	14

newmain.c estimated size: 329

C:\Program Files\Microchip\xc8\v2.32\pic\sources\c90\common\lwmod.c
		___lwmod       		CODE           	0682	0000	58

C:\Program Files\Microchip\xc8\v2.32\pic\sources\c90\common\lwmod.c estimated size: 58

shared
		__initialization		CODE           	07E2	0000	26

shared estimated size: 26

C:\Program Files\Microchip\xc8\v2.32\pic\sources\c90\common\lwdiv.c
		___lwdiv       		CODE           	06BC	0000	68

C:\Program Files\Microchip\xc8\v2.32\pic\sources\c90\common\lwdiv.c estimated size: 68

