Microchip MPLAB XC8 Compiler V2.32

Linker command line:

-W-3 --edf=C:\Program Files\Microchip\xc8\v2.32\pic\dat\en_msgs.txt -cn \
  -h+dist/default/production\ADC_Lm35.X.production.sym \
  --cmf=dist/default/production\ADC_Lm35.X.production.cmf -z -Q18F4520 \
  -oC:\Users\Linh\AppData\Local\Temp\xcAs37c.4 --defsym=__MPLAB_BUILD=1 \
  -Mdist/default/production/ADC_Lm35.X.production.map -E1 -ver=XC8 Compiler \
  --acfsm=1493 -ASTACK=080h-05FFh -pstack=STACK -ACODE=00h-07FFFh \
  -ACONST=00h-07FFFh -ASMALLCONST=0600h-06FFhx122 \
  -AMEDIUMCONST=0600h-07FFFh -ACOMRAM=01h-07Fh -AABS1=00h-05FFh \
  -ABIGRAM=01h-05FFh -ARAM=080h-0FFh,0100h-01FFhx5 -ABANK0=080h-0FFh \
  -ABANK1=0100h-01FFh -ABANK2=0200h-02FFh -ABANK3=0300h-03FFh \
  -ABANK4=0400h-04FFh -ABANK5=0500h-05FFh -ASFR=0F80h-0FFFh \
  -ACONFIG=0300000h-030000Dh -AIDLOC=0200000h-0200007h \
  -AEEDATA=0F00000h-0F000FFh -peeprom_data=EEDATA \
  -preset_vec=00h,intcode,intcodelo,powerup,init -pramtop=0600h \
  -psmallconst=SMALLCONST -pmediumconst=MEDIUMCONST -pconst=CONST \
  -AFARRAM=00h-00h \
  -prdata=COMRAM,nvrram=COMRAM,nvbit=COMRAM,rbss=COMRAM,rbit=COMRAM \
  -pfarbss=FARRAM,fardata=FARRAM,nvFARRAM=FARRAM \
  -pintsave_regs=BIGRAM,bigbss=BIGRAM,bigdata=BIGRAM -pbss=RAM \
  -pidata=CODE,irdata=CODE,ibigdata=CODE,ifardata=CODE -prparam=COMRAM \
  C:\Users\Linh\AppData\Local\Temp\xcAs37c.o \
  dist/default/production\ADC_Lm35.X.production.o 

Object code version is 3.11

Machine type is 18F4520



                Name                               Link     Load   Length Selector   Space Scale
C:\Users\Linh\AppData\Local\Temp\xcAs37c.o
                idloc                            200000   200000        8        0       5
                config                           300000   300000        E        0       4
                init                                  0        0        4        0       0
dist/default/production\ADC_Lm35.X.production.o
                idloc                            200000   200000        8        0       5
                config                           300000   300000        E        0       4
                text8                              7CB8     7CB8       12     3E5C       0
                text7                              7CDE     7CDE       1C     3E6F       0
                text6                              7CFA     7CFA       1C     3E7D       0
                text5                              7D16     7D16       1C     3E8B       0
                text4                              7D32     7D32       1C     3E99       0
                text3                              7E3A     7E3A       74     3F1D       0
                text2                              7DD6     7DD6       64     3EEB       0
                text1                              7EAE     7EAE      152     3F57       0
                text0                              7D80     7D80       56     3EC0       0
                cstackCOMRAM                         21       21        C        1       1
                dataCOMRAM                            1        1       14        1       1
                bssCOMRAM                            15       15        C        1       1
                cinit                              7D4E     7D4E       32     3EA7       0
                idataCOMRAM                        7CCA     7CCA       14     7CCA       0

TOTAL           Name                               Link     Load   Length     Space
        CLASS   STACK          

        CLASS   CODE           
                init                                  0        0        4         0
                text8                              7CB8     7CB8       12         0
                text7                              7CDE     7CDE       1C         0
                text6                              7CFA     7CFA       1C         0
                text5                              7D16     7D16       1C         0
                text4                              7D32     7D32       1C         0
                text3                              7E3A     7E3A       74         0
                text2                              7DD6     7DD6       64         0
                text1                              7EAE     7EAE      152         0
                text0                              7D80     7D80       56         0
                cinit                              7D4E     7D4E       32         0
                idataCOMRAM                        7CCA     7CCA       14         0

        CLASS   CONST          

        CLASS   SMALLCONST     

        CLASS   MEDIUMCONST    

        CLASS   COMRAM         
                cstackCOMRAM                         21       21        C         1
                dataCOMRAM                            1        1       14         1
                bssCOMRAM                            15       15        C         1

        CLASS   ABS1           

        CLASS   BIGRAM         

        CLASS   RAM            

        CLASS   BANK0          

        CLASS   BANK1          

        CLASS   BANK2          

        CLASS   BANK3          

        CLASS   BANK4          

        CLASS   BANK5          

        CLASS   SFR            

        CLASS   CONFIG         
                config                           300000   300000        E         4

        CLASS   IDLOC          
                idloc                            200000   200000        8         5

        CLASS   EEDATA         

        CLASS   FARRAM         



SEGMENTS        Name                           Load    Length   Top    Selector   Space  Class

                reset_vec                      000000  000004  000004         0       0  CODE    
                dataCOMRAM                     000001  00002C  00002D         1       1  COMRAM  
                text8                          007CB8  000012  007CCA      3E5C       0  CODE    
                idataCOMRAM                    007CCA  000014  007CDE      7CCA       0  CODE    
                text7                          007CDE  00001C  007CFA      3E6F       0  CODE    
                text6                          007CFA  00001C  007D16      3E7D       0  CODE    
                text5                          007D16  00001C  007D32      3E8B       0  CODE    
                text4                          007D32  00001C  007D4E      3E99       0  CODE    
                cinit                          007D4E  000032  007D80      3EA7       0  CODE    
                text0                          007D80  000056  007DD6      3EC0       0  CODE    
                text2                          007DD6  000064  007E3A      3EEB       0  CODE    
                text3                          007E3A  000074  007EAE      3F1D       0  CODE    
                text1                          007EAE  000152  008000      3F57       0  CODE    


UNUSED ADDRESS RANGES

        Name                Unused          Largest block    Delta
        BANK0            000080-0000FF               80
        BANK1            000100-0001FF              100
        BANK2            000200-0002FF              100
        BANK3            000300-0003FF              100
        BANK4            000400-0004FF              100
        BANK5            000500-0005FF              100
        BIGRAM           00002D-0005FF              5D3
        CODE             000004-007CB7             7CB4
        COMRAM           00002D-00007F               53
        CONST            000004-007CB7             7CB4
        EEDATA           F00000-F000FF              100
        MEDIUMCONST      000600-007CB7             76B8
        RAM              000080-0005FF              100
        SFR              000F80-000FFF               80
        SMALLCONST       000600-007CB7              100
        STACK            000080-0005FF              580

                                  Symbol Table

?___lwdiv                cstackCOMRAM 000021
?___lwmod                cstackCOMRAM 000021
HangChuc@hangchuc        cstackCOMRAM 000021
HangDV@hangdv            cstackCOMRAM 000021
HangNghin@hangnghin      cstackCOMRAM 000021
HangTram@hangtram        cstackCOMRAM 000021
Lcd_Display@tempC        cstackCOMRAM 000028
_ADCON0                  (abs)        000FC2
_ADCON0bits              (abs)        000FC2
_ADCON1                  (abs)        000FC1
_ADRESH                  (abs)        000FC4
_ADRESL                  (abs)        000FC3
_AN0_Config              text8        007CB8
_HangChuc                text7        007CDE
_HangDV                  text6        007CFA
_HangNghin               text5        007D16
_HangTram                text4        007D32
_Lcd_Display             text1        007EAE
_PORTC                   (abs)        000F82
_PORTD                   (abs)        000F83
_PORTDbits               (abs)        000F83
_TRISA                   (abs)        000F92
_TRISC                   (abs)        000F94
_TRISD                   (abs)        000F95
__HRAM                   (abs)        000000
__Habs1                  abs1         000000
__Hbank0                 bank0        000000
__Hbank1                 bank1        000000
__Hbank2                 bank2        000000
__Hbank3                 bank3        000000
__Hbank4                 bank4        000000
__Hbank5                 bank5        000000
__Hbigbss                bigbss       000000
__Hbigdata               bigdata      000000
__Hbigram                bigram       000000
__Hbss                   bss          000000
__HbssCOMRAM             bssCOMRAM    000000
__Hcinit                 cinit        000000
__Hclrtext               clrtext      000000
__Hcomram                comram       000000
__Hconfig                config       30000E
__Hconst                 const        000000
__HcstackCOMRAM          cstackCOMRAM 000000
__Hdata                  data         000000
__HdataCOMRAM            dataCOMRAM   000000
__Heeprom_data           eeprom_data  000000
__Hfarbss                farbss       000000
__Hfardata               fardata      000000
__Hibigdata              ibigdata     000000
__Hidata                 idata        000000
__HidataCOMRAM           idataCOMRAM  000000
__Hidloc                 idloc        200008
__Hifardata              ifardata     000000
__Hinit                  init         000004
__Hintcode               intcode      000000
__Hintcode_body          intcode_body 000000
__Hintcodelo             intcodelo    000000
__Hintentry              intentry     000000
__Hintret                intret       000000
__Hintsave_regs          intsave_regs 000000
__Hirdata                irdata       000000
__Hmediumconst           mediumconst  000000
__HnvFARRAM              nvFARRAM     000000
__Hnvbit                 nvbit        000000
__Hnvrram                nvrram       000000
__Hparam                 rparam       000000
__Hpowerup               powerup      000000
__Hram                   ram          000000
__Hramtop                ramtop       000600
__Hrbit                  rbit         000000
__Hrbss                  rbss         000000
__Hrdata                 rdata        000000
__Hreset_vec             reset_vec    000000
__Hrparam                rparam       000000
__Hsfr                   sfr          000000
__Hsmallconst            smallconst   000000
__Hspace_0               (abs)        008000
__Hspace_1               (abs)        00002D
__Hspace_2               (abs)        000000
__Hspace_4               (abs)        60000E
__Hstack                 stack        000000
__Hstruct                struct       000000
__Htemp                  temp         000000
__Htext                  text         000000
__Htext0                 text0        000000
__Htext1                 text1        000000
__Htext2                 text2        000000
__Htext3                 text3        000000
__Htext4                 text4        000000
__Htext5                 text5        000000
__Htext6                 text6        000000
__Htext7                 text7        000000
__Htext8                 text8        000000
__LRAM                   (abs)        000001
__Labs1                  abs1         000000
__Lbank0                 bank0        000000
__Lbank1                 bank1        000000
__Lbank2                 bank2        000000
__Lbank3                 bank3        000000
__Lbank4                 bank4        000000
__Lbank5                 bank5        000000
__Lbigbss                bigbss       000000
__Lbigdata               bigdata      000000
__Lbigram                bigram       000000
__Lbss                   bss          000000
__LbssCOMRAM             bssCOMRAM    000000
__Lcinit                 cinit        000000
__Lclrtext               clrtext      000000
__Lcomram                comram       000000
__Lconfig                config       000000
__Lconst                 const        000000
__LcstackCOMRAM          cstackCOMRAM 000000
__Ldata                  data         000000
__LdataCOMRAM            dataCOMRAM   000000
__Leeprom_data           eeprom_data  000000
__Lfarbss                farbss       000000
__Lfardata               fardata      000000
__Libigdata              ibigdata     000000
__Lidata                 idata        000000
__LidataCOMRAM           idataCOMRAM  000000
__Lidloc                 idloc        000000
__Lifardata              ifardata     000000
__Linit                  init         000000
__Lintcode               intcode      000000
__Lintcode_body          intcode_body 000000
__Lintcodelo             intcodelo    000000
__Lintentry              intentry     000000
__Lintret                intret       000000
__Lintsave_regs          intsave_regs 000000
__Lirdata                irdata       000000
__Lmediumconst           mediumconst  000000
__LnvFARRAM              nvFARRAM     000000
__Lnvbit                 nvbit        000000
__Lnvrram                nvrram       000000
__Lparam                 rparam       000000
__Lpowerup               powerup      000000
__Lram                   ram          000000
__Lramtop                ramtop       000600
__Lrbit                  rbit         000000
__Lrbss                  rbss         000000
__Lrdata                 rdata        000000
__Lreset_vec             reset_vec    000000
__Lrparam                rparam       000000
__Lsfr                   sfr          000000
__Lsmallconst            smallconst   000000
__Lspace_0               (abs)        000000
__Lspace_1               (abs)        000000
__Lspace_2               (abs)        000000
__Lspace_4               (abs)        000000
__Lstack                 stack        000000
__Lstruct                struct       000000
__Ltemp                  temp         000000
__Ltext                  text         000000
__Ltext0                 text0        000000
__Ltext1                 text1        000000
__Ltext2                 text2        000000
__Ltext3                 text3        000000
__Ltext4                 text4        000000
__Ltext5                 text5        000000
__Ltext6                 text6        000000
__Ltext7                 text7        000000
__Ltext8                 text8        000000
__S0                     (abs)        008000
__S1                     (abs)        00002D
__S2                     (abs)        000000
__S4                     (abs)        000000
__S5                     (abs)        000000
___inthi_sp              stack        000000
___intlo_sp              stack        000000
___lwdiv                 text3        007E3A
___lwdiv@counter         cstackCOMRAM 000027
___lwdiv@dividend        cstackCOMRAM 000021
___lwdiv@divisor         cstackCOMRAM 000023
___lwdiv@quotient        cstackCOMRAM 000025
___lwmod                 text2        007DD6
___lwmod@counter         cstackCOMRAM 000025
___lwmod@dividend        cstackCOMRAM 000021
___lwmod@divisor         cstackCOMRAM 000023
___param_bank            (abs)        000000
___rparam_used           (abs)        000001
___sp                    stack        000000
__accesstop              (abs)        000080
__activetblptr           (abs)        000000
__end_of_AN0_Config      text8        007CCA
__end_of_HangChuc        text7        007CFA
__end_of_HangDV          text6        007D16
__end_of_HangNghin       text5        007D32
__end_of_HangTram        text4        007D4E
__end_of_Lcd_Display     text1        008000
__end_of___lwdiv         text3        007EAE
__end_of___lwmod         text2        007E3A
__end_of__initialization cinit        007D7A
__end_of_main            text0        007DD6
__initialization         cinit        007D4E
__mediumconst            mediumconst  000000
__pbssCOMRAM             bssCOMRAM    000015
__pcinit                 cinit        007D4E
__pcstackCOMRAM          cstackCOMRAM 000021
__pdataCOMRAM            dataCOMRAM   000001
__pidataCOMRAM           idataCOMRAM  007CCA
__ptext0                 text0        007D80
__ptext1                 text1        007EAE
__ptext2                 text2        007DD6
__ptext3                 text3        007E3A
__ptext4                 text4        007D32
__ptext5                 text5        007D16
__ptext6                 text6        007CFA
__ptext7                 text7        007CDE
__ptext8                 text8        007CB8
__ramtop                 ramtop       000600
__size_of_AN0_Config     (abs)        000000
__size_of_HangChuc       (abs)        000000
__size_of_HangDV         (abs)        000000
__size_of_HangNghin      (abs)        000000
__size_of_HangTram       (abs)        000000
__size_of_Lcd_Display    (abs)        000000
__size_of___lwdiv        (abs)        000000
__size_of___lwmod        (abs)        000000
__size_of_main           (abs)        000000
__smallconst             smallconst   000000
_hangchuc                bssCOMRAM    00001B
_hangdv                  bssCOMRAM    000019
_hangnghin               bssCOMRAM    00001F
_hangtram                bssCOMRAM    00001D
_ledcode                 dataCOMRAM   000001
_main                    text0        007D80
_tempC                   bssCOMRAM    000015
_tempCTemp               bssCOMRAM    000017
end_of_initialization    cinit        007D7A
intlevel0                text         000000
intlevel1                text         000000
intlevel2                text         000000
intlevel3                text         000000
isa$std                  (abs)        000001
isa$xinst                (abs)        000000
stackhi                  (abs)        0005FF
stacklo                  (abs)        000080
start                    init         000000
start_initialization     cinit        007D4E


MODULE INFORMATION

Module		Function		Class		Link	Load	Size
C:\Program Files\Microchip\xc8\v2.32\pic\sources\c99\common\lwmod.c
		___lwmod       		CODE           	7DD6	0000	100

C:\Program Files\Microchip\xc8\v2.32\pic\sources\c99\common\lwmod.c estimated size: 100

newmain.c
		_AN0_Config    		CODE           	7CB8	0000	18
		_main          		CODE           	7D80	0000	86
		_HangChuc      		CODE           	7CDE	0000	28
		_Lcd_Display   		CODE           	7EAE	0000	338
		_HangDV        		CODE           	7CFA	0000	28
		_HangTram      		CODE           	7D32	0000	28
		_HangNghin     		CODE           	7D16	0000	28

newmain.c estimated size: 554

shared
		__initialization		CODE           	7D4E	0000	44

shared estimated size: 44

C:\Program Files\Microchip\xc8\v2.32\pic\sources\c99\common\lwdiv.c
		___lwdiv       		CODE           	7E3A	0000	116

C:\Program Files\Microchip\xc8\v2.32\pic\sources\c99\common\lwdiv.c estimated size: 116

