Microchip MPLAB XC8 Compiler V2.32

Linker command line:

-W-3 --edf=C:\Program Files\Microchip\xc8\v2.32\pic\dat\en_msgs.txt -cn \
  -h+dist/default/production\PWM1.X.production.sym \
  --cmf=dist/default/production\PWM1.X.production.cmf -z -Q18F4520 \
  -oC:\Users\Linh\AppData\Local\Temp\xcAsie0.4 --defsym=__MPLAB_BUILD=1 \
  -Mdist/default/production/PWM1.X.production.map -E1 -ver=XC8 Compiler \
  --acfsm=1493 -ASTACK=080h-05FFh -pstack=STACK -ACODE=00h-07FFFh \
  -ACONST=00h-07FFFh -ASMALLCONST=0600h-06FFhx122 \
  -AMEDIUMCONST=0600h-07FFFh -ACOMRAM=01h-07Fh -AABS1=00h-05FFh \
  -ABIGRAM=01h-05FFh -ARAM=080h-0FFh,0100h-01FFhx5 -ABANK0=080h-0FFh \
  -ABANK1=0100h-01FFh -ABANK2=0200h-02FFh -ABANK3=0300h-03FFh \
  -ABANK4=0400h-04FFh -ABANK5=0500h-05FFh -ASFR=0F80h-0FFFh \
  -ACONFIG=0300000h-030000Dh -AIDLOC=0200000h-0200007h \
  -AEEDATA=0F00000h-0F000FFh -peeprom_data=EEDATA \
  -preset_vec=00h,intcode,intcodelo,powerup,init -pramtop=0600h \
  -psmallconst=SMALLCONST -pmediumconst=MEDIUMCONST -pconst=CONST \
  -AFARRAM=00h-00h \
  -prdata=COMRAM,nvrram=COMRAM,nvbit=COMRAM,rbss=COMRAM,rbit=COMRAM \
  -pfarbss=FARRAM,fardata=FARRAM,nvFARRAM=FARRAM \
  -pintsave_regs=BIGRAM,bigbss=BIGRAM,bigdata=BIGRAM -pbss=RAM \
  -pidata=CODE,irdata=CODE,ibigdata=CODE,ifardata=CODE -prparam=COMRAM \
  C:\Users\Linh\AppData\Local\Temp\xcAsie0.o \
  dist/default/production\PWM1.X.production.o 

Object code version is 3.11

Machine type is 18F4520



                Name                               Link     Load   Length Selector   Space Scale
C:\Users\Linh\AppData\Local\Temp\xcAsie0.o
                idloc                            200000   200000        8        0       5
                config                           300000   300000        E        0       4
                init                                  0        0        4        0       0
dist/default/production\PWM1.X.production.o
                idloc                            200000   200000        8        0       5
                config                           300000   300000        E        0       4
                text8                              746A     746A      10C     3A35       0
                text7                              783C     783C      39A     3C1E       0
                text6                              7BD6     7BD6      42A     3DEB       0
                text5                              7364     7364      106     39B2       0
                text4                              7688     7688      1B4     3B44       0
                text3                              7576     7576      112     3ABB       0
                text2                              72F6     72F6       6E     397B       0
                text1                              72C0     72C0        E     3960       0
                text0                              72CE     72CE       28     3967       0
                cstackCOMRAM                          1        1       5E        1       1
                cinit                              72BA     72BA        6     395D       0
                nvCOMRAM                             5F       5F        4        1       1

TOTAL           Name                               Link     Load   Length     Space
        CLASS   STACK          

        CLASS   CODE           
                init                                  0        0        4         0
                text8                              746A     746A      10C         0
                text7                              783C     783C      39A         0
                text6                              7BD6     7BD6      42A         0
                text5                              7364     7364      106         0
                text4                              7688     7688      1B4         0
                text3                              7576     7576      112         0
                text2                              72F6     72F6       6E         0
                text1                              72C0     72C0        E         0
                text0                              72CE     72CE       28         0
                cinit                              72BA     72BA        6         0

        CLASS   CONST          

        CLASS   SMALLCONST     

        CLASS   MEDIUMCONST    

        CLASS   COMRAM         
                cstackCOMRAM                          1        1       5E         1
                nvCOMRAM                             5F       5F        4         1

        CLASS   ABS1           

        CLASS   BIGRAM         

        CLASS   RAM            

        CLASS   BANK0          

        CLASS   BANK1          

        CLASS   BANK2          

        CLASS   BANK3          

        CLASS   BANK4          

        CLASS   BANK5          

        CLASS   SFR            

        CLASS   CONFIG         
                config                           300000   300000        E         4

        CLASS   IDLOC          
                idloc                            200000   200000        8         5

        CLASS   EEDATA         

        CLASS   FARRAM         



SEGMENTS        Name                           Load    Length   Top    Selector   Space  Class

                reset_vec                      000000  000004  000004         0       0  CODE    
                cstackCOMRAM                   000001  000062  000063         1       1  COMRAM  
                cinit                          0072BA  000006  0072C0      395D       0  CODE    
                text1                          0072C0  00000E  0072CE      3960       0  CODE    
                text0                          0072CE  000028  0072F6      3967       0  CODE    
                text2                          0072F6  00006E  007364      397B       0  CODE    
                text5                          007364  000106  00746A      39B2       0  CODE    
                text8                          00746A  00010C  007576      3A35       0  CODE    
                text3                          007576  000112  007688      3ABB       0  CODE    
                text4                          007688  0001B4  00783C      3B44       0  CODE    
                text7                          00783C  00039A  007BD6      3C1E       0  CODE    
                text6                          007BD6  00042A  008000      3DEB       0  CODE    


UNUSED ADDRESS RANGES

        Name                Unused          Largest block    Delta
        BANK0            000080-0000FF               80
        BANK1            000100-0001FF              100
        BANK2            000200-0002FF              100
        BANK3            000300-0003FF              100
        BANK4            000400-0004FF              100
        BANK5            000500-0005FF              100
        BIGRAM           000063-0005FF              59D
        CODE             000004-0072B9             72B6
        COMRAM           000063-00007F               1D
        CONST            000004-0072B9             72B6
        EEDATA           F00000-F000FF              100
        MEDIUMCONST      000600-0072B9             6CBA
        RAM              000080-0005FF              100
        SFR              000F80-000FFF               80
        SMALLCONST       000600-0072B9              100
        STACK            000080-0005FF              580

                                  Symbol Table

?___aldiv                cstackCOMRAM 000001
?___fldiv                cstackCOMRAM 00001D
?___flmul                cstackCOMRAM 000036
?___fltol                cstackCOMRAM 00004F
?___xxtofl               cstackCOMRAM 00000F
PWM1_Duty@duty           cstackCOMRAM 000059
PWM1_Init@u32Frequency   cstackCOMRAM 00000F
_CCP1M2                  (abs)        007DEA
_CCP1M3                  (abs)        007DEB
_CCP1X                   (abs)        007DED
_CCP1Y                   (abs)        007DEC
_CCP2M2                  (abs)        007DD2
_CCP2M3                  (abs)        007DD3
_CCP2X                   (abs)        007DD5
_CCP2Y                   (abs)        007DD4
_CCPR1L                  (abs)        000FBE
_CCPR2L                  (abs)        000FBB
_PR2                     (abs)        000FCB
_PWM1_Duty               text3        007576
_PWM1_Init               text2        0072F6
_PWM1_Start              text1        0072C0
_T2CKPS0                 (abs)        007E50
_T2CKPS1                 (abs)        007E51
_TMR2ON                  (abs)        007E52
_TRISC1                  (abs)        007CA1
_TRISC2                  (abs)        007CA2
__HRAM                   (abs)        000000
__Habs1                  abs1         000000
__Hbank0                 bank0        000000
__Hbank1                 bank1        000000
__Hbank2                 bank2        000000
__Hbank3                 bank3        000000
__Hbank4                 bank4        000000
__Hbank5                 bank5        000000
__Hbigbss                bigbss       000000
__Hbigdata               bigdata      000000
__Hbigram                bigram       000000
__Hbss                   bss          000000
__Hcinit                 cinit        000000
__Hclrtext               clrtext      000000
__Hcomram                comram       000000
__Hconfig                config       30000E
__Hconst                 const        000000
__HcstackCOMRAM          cstackCOMRAM 000000
__Hdata                  data         000000
__Heeprom_data           eeprom_data  000000
__Hfarbss                farbss       000000
__Hfardata               fardata      000000
__Hibigdata              ibigdata     000000
__Hidata                 idata        000000
__Hidloc                 idloc        200008
__Hifardata              ifardata     000000
__Hinit                  init         000004
__Hintcode               intcode      000000
__Hintcode_body          intcode_body 000000
__Hintcodelo             intcodelo    000000
__Hintentry              intentry     000000
__Hintret                intret       000000
__Hintsave_regs          intsave_regs 000000
__Hirdata                irdata       000000
__Hmediumconst           mediumconst  000000
__HnvCOMRAM              nvCOMRAM     000000
__HnvFARRAM              nvFARRAM     000000
__Hnvbit                 nvbit        000000
__Hnvrram                nvrram       000000
__Hparam                 rparam       000000
__Hpowerup               powerup      000000
__Hram                   ram          000000
__Hramtop                ramtop       000600
__Hrbit                  rbit         000000
__Hrbss                  rbss         000000
__Hrdata                 rdata        000000
__Hreset_vec             reset_vec    000000
__Hrparam                rparam       000000
__Hsfr                   sfr          000000
__Hsmallconst            smallconst   000000
__Hspace_0               (abs)        008000
__Hspace_1               (abs)        000063
__Hspace_2               (abs)        000000
__Hspace_4               (abs)        60000E
__Hstack                 stack        000000
__Hstruct                struct       000000
__Htemp                  temp         000000
__Htext                  text         000000
__Htext0                 text0        000000
__Htext1                 text1        000000
__Htext2                 text2        000000
__Htext3                 text3        000000
__Htext4                 text4        000000
__Htext5                 text5        000000
__Htext6                 text6        000000
__Htext7                 text7        000000
__Htext8                 text8        000000
__LRAM                   (abs)        000001
__Labs1                  abs1         000000
__Lbank0                 bank0        000000
__Lbank1                 bank1        000000
__Lbank2                 bank2        000000
__Lbank3                 bank3        000000
__Lbank4                 bank4        000000
__Lbank5                 bank5        000000
__Lbigbss                bigbss       000000
__Lbigdata               bigdata      000000
__Lbigram                bigram       000000
__Lbss                   bss          000000
__Lcinit                 cinit        000000
__Lclrtext               clrtext      000000
__Lcomram                comram       000000
__Lconfig                config       000000
__Lconst                 const        000000
__LcstackCOMRAM          cstackCOMRAM 000000
__Ldata                  data         000000
__Leeprom_data           eeprom_data  000000
__Lfarbss                farbss       000000
__Lfardata               fardata      000000
__Libigdata              ibigdata     000000
__Lidata                 idata        000000
__Lidloc                 idloc        000000
__Lifardata              ifardata     000000
__Linit                  init         000000
__Lintcode               intcode      000000
__Lintcode_body          intcode_body 000000
__Lintcodelo             intcodelo    000000
__Lintentry              intentry     000000
__Lintret                intret       000000
__Lintsave_regs          intsave_regs 000000
__Lirdata                irdata       000000
__Lmediumconst           mediumconst  000000
__LnvCOMRAM              nvCOMRAM     000000
__LnvFARRAM              nvFARRAM     000000
__Lnvbit                 nvbit        000000
__Lnvrram                nvrram       000000
__Lparam                 rparam       000000
__Lpowerup               powerup      000000
__Lram                   ram          000000
__Lramtop                ramtop       000600
__Lrbit                  rbit         000000
__Lrbss                  rbss         000000
__Lrdata                 rdata        000000
__Lreset_vec             reset_vec    000000
__Lrparam                rparam       000000
__Lsfr                   sfr          000000
__Lsmallconst            smallconst   000000
__Lspace_0               (abs)        000000
__Lspace_1               (abs)        000000
__Lspace_2               (abs)        000000
__Lspace_4               (abs)        000000
__Lstack                 stack        000000
__Lstruct                struct       000000
__Ltemp                  temp         000000
__Ltext                  text         000000
__Ltext0                 text0        000000
__Ltext1                 text1        000000
__Ltext2                 text2        000000
__Ltext3                 text3        000000
__Ltext4                 text4        000000
__Ltext5                 text5        000000
__Ltext6                 text6        000000
__Ltext7                 text7        000000
__Ltext8                 text8        000000
__S0                     (abs)        008000
__S1                     (abs)        000063
__S2                     (abs)        000000
__S4                     (abs)        000000
__S5                     (abs)        000000
___aldiv                 text8        00746A
___aldiv@counter         cstackCOMRAM 000009
___aldiv@dividend        cstackCOMRAM 000001
___aldiv@divisor         cstackCOMRAM 000005
___aldiv@quotient        cstackCOMRAM 00000B
___aldiv@sign            cstackCOMRAM 00000A
___fldiv                 text7        00783C
___fldiv@a               cstackCOMRAM 000021
___fldiv@aexp            cstackCOMRAM 000035
___fldiv@b               cstackCOMRAM 00001D
___fldiv@bexp            cstackCOMRAM 000034
___fldiv@grs             cstackCOMRAM 000030
___fldiv@new_exp         cstackCOMRAM 00002E
___fldiv@rem             cstackCOMRAM 000029
___fldiv@sign            cstackCOMRAM 00002D
___flmul                 text6        007BD6
___flmul@a               cstackCOMRAM 00003A
___flmul@aexp            cstackCOMRAM 000047
___flmul@b               cstackCOMRAM 000036
___flmul@bexp            cstackCOMRAM 000048
___flmul@grs             cstackCOMRAM 000043
___flmul@prod            cstackCOMRAM 000049
___flmul@sign            cstackCOMRAM 000042
___flmul@temp            cstackCOMRAM 00004D
___fltol                 text5        007364
___fltol@exp1            cstackCOMRAM 000058
___fltol@f1              cstackCOMRAM 00004F
___fltol@sign1           cstackCOMRAM 000057
___inthi_sp              stack        000000
___intlo_sp              stack        000000
___param_bank            (abs)        000000
___rparam_used           (abs)        000001
___sp                    stack        000000
___xxtofl                text4        007688
___xxtofl@arg            cstackCOMRAM 000019
___xxtofl@exp            cstackCOMRAM 000018
___xxtofl@sign           cstackCOMRAM 000017
___xxtofl@val            cstackCOMRAM 00000F
__accesstop              (abs)        000080
__activetblptr           (abs)        000000
__end_of_PWM1_Duty       text3        007688
__end_of_PWM1_Init       text2        007364
__end_of_PWM1_Start      text1        0072CE
__end_of___aldiv         text8        007576
__end_of___fldiv         text7        007BD6
__end_of___flmul         text6        008000
__end_of___fltol         text5        00746A
__end_of___xxtofl        text4        00783C
__end_of__initialization cinit        0072BA
__end_of_main            text0        0072F6
__initialization         cinit        0072BA
__mediumconst            mediumconst  000000
__pcinit                 cinit        0072BA
__pcstackCOMRAM          cstackCOMRAM 000001
__pnvCOMRAM              nvCOMRAM     00005F
__ptext0                 text0        0072CE
__ptext1                 text1        0072C0
__ptext2                 text2        0072F6
__ptext3                 text3        007576
__ptext4                 text4        007688
__ptext5                 text5        007364
__ptext6                 text6        007BD6
__ptext7                 text7        00783C
__ptext8                 text8        00746A
__ramtop                 ramtop       000600
__size_of_PWM1_Duty      (abs)        000000
__size_of_PWM1_Init      (abs)        000000
__size_of_PWM1_Start     (abs)        000000
__size_of___aldiv        (abs)        000000
__size_of___fldiv        (abs)        000000
__size_of___flmul        (abs)        000000
__size_of___fltol        (abs)        000000
__size_of___xxtofl       (abs)        000000
__size_of_main           (abs)        000000
__smallconst             smallconst   000000
_main                    text0        0072CE
_u32TempFrequency        nvCOMRAM     00005F
end_of_initialization    cinit        0072BA
intlevel0                text         000000
intlevel1                text         000000
intlevel2                text         000000
intlevel3                text         000000
isa$std                  (abs)        000001
isa$xinst                (abs)        000000
stackhi                  (abs)        0005FF
stacklo                  (abs)        000080
start                    init         000000
start_initialization     cinit        0072BA


MODULE INFORMATION

Module		Function		Class		Link	Load	Size
C:\Program Files\Microchip\xc8\v2.32\pic\sources\c99\common\aldiv.c
		___aldiv       		CODE           	746A	0000	268

C:\Program Files\Microchip\xc8\v2.32\pic\sources\c99\common\aldiv.c estimated size: 268

newmain.c
		_PWM1_Start    		CODE           	72C0	0000	14
		_main          		CODE           	72CE	0000	40
		_PWM1_Init     		CODE           	72F6	0000	110
		_PWM1_Duty     		CODE           	7576	0000	274

newmain.c estimated size: 438

shared
		__initialization		CODE           	72BA	0000	1

shared estimated size: 1

C:\Program Files\Microchip\xc8\v2.32\pic\sources\c99\common\sprcmul.c
		___flmul       		CODE           	7BD6	0000	1066

C:\Program Files\Microchip\xc8\v2.32\pic\sources\c99\common\sprcmul.c estimated size: 1066

C:\Program Files\Microchip\xc8\v2.32\pic\sources\c99\common\sprcdiv.c
		___fldiv       		CODE           	783C	0000	922

C:\Program Files\Microchip\xc8\v2.32\pic\sources\c99\common\sprcdiv.c estimated size: 922

C:\Program Files\Microchip\xc8\v2.32\pic\sources\c99\common\fltol.c
		___fltol       		CODE           	7364	0000	262

C:\Program Files\Microchip\xc8\v2.32\pic\sources\c99\common\fltol.c estimated size: 262

C:\Program Files\Microchip\xc8\v2.32\pic\sources\c99\common\xxtofl.c
		___xxtofl      		CODE           	7688	0000	436

C:\Program Files\Microchip\xc8\v2.32\pic\sources\c99\common\xxtofl.c estimated size: 436

