Microchip MPLAB XC8 Compiler V2.32

Linker command line:

-W-3 --edf=C:\Program Files\Microchip\xc8\v2.32\pic\dat\en_msgs.txt -cn \
  -h+dist/default/debug\testtimer.X.debug.sym \
  --cmf=dist/default/debug\testtimer.X.debug.cmf -z -Q16F877A \
  -oC:\Users\Linh\AppData\Local\Temp\xcAsaps.4 --defsym=__MPLAB_BUILD=1 \
  -Mdist/default/debug/testtimer.X.debug.map -E1 -ver=XC8 Compiler \
  --acfsm=1493 -ASTACK=0110h-016Fh -pstack=STACK -ACODE=00h-07FFhx4 \
  -ASTRCODE=00h-01FFFh -ASTRING=00h-0FFhx32 -ACONST=00h-0FFhx32 \
  -AENTRY=00h-0FFhx32 -ACOMMON=070h-07Fh -ABANK0=020h-06Fh \
  -ABANK1=0A0h-0EFh -ABANK2=0110h-016Fh -ABANK3=0190h-01EFh \
  -ARAM=020h-06Fh,0A0h-0EFh,0110h-016Fh,0190h-01EFh \
  -AABS1=020h-07Fh,0A0h-0EFh,0110h-016Fh,0190h-01EFh -ASFR0=00h-01Fh \
  -ASFR1=080h-09Fh -ASFR2=0100h-010Fh -ASFR3=0180h-018Fh \
  -ACONFIG=02007h-02007h -DCONFIG=2 -AIDLOC=02000h-02003h -DIDLOC=2 \
  -AEEDATA=00h-0FFh/02100h -peeprom_data=EEDATA -DEEDATA=2 -DCODE=2 \
  -DSTRCODE=2 -DSTRING=2 -DCONST=2 -DENTRY=2 \
  -preset_vec=00h,intentry,init,end_init -ppowerup=CODE -pcinit=CODE \
  -pfunctab=ENTRY -k C:\Users\Linh\AppData\Local\Temp\xcAsaps.o \
  dist/default/debug\testtimer.X.debug.o 

Object code version is 3.11

Machine type is 16F877A



                Name                               Link     Load   Length Selector   Space Scale
C:\Users\Linh\AppData\Local\Temp\xcAsaps.o
                end_init                              0        0        3        0       0
                config                             2007     2007        1        0       4
dist/default/debug\testtimer.X.debug.o
                cinit                               7FC      7FC        4      FF8       0
                config                             2007     2007        1        0       4
                text7                               675      675       27      CEA       0
                text6                               705      705       67      E0A       0
                text5                               650      650       25      CA0       0
                text4                               62C      62C       24      C58       0
                text3                               76C      76C       90      ED8       0
                text2                               60F      60F       1D      C1E       0
                text1                               69C      69C       28      D38       0
                maintext                            6C4      6C4       41      D88       0
                cstackBANK0                          20       20        6       20       1
                cstackCOMMON                         70       70        D       70       1
                strings                               3        3       13        6       0

TOTAL           Name                               Link     Load   Length     Space
        CLASS   STACK          

        CLASS   CODE           
                end_init                              0        0        3         0
                cinit                               7FC      7FC        4         0
                text7                               675      675       27         0
                text6                               705      705       67         0
                text5                               650      650       25         0
                text4                               62C      62C       24         0
                text3                               76C      76C       90         0
                text2                               60F      60F       1D         0
                text1                               69C      69C       28         0
                maintext                            6C4      6C4       41         0

        CLASS   STRCODE        

        CLASS   STRING         
                strings                               3        3       13         0

        CLASS   CONST          

        CLASS   ENTRY          

        CLASS   COMMON         
                cstackCOMMON                         70       70        D         1

        CLASS   BANK0          
                cstackBANK0                          20       20        6         1

        CLASS   BANK1          

        CLASS   BANK2          

        CLASS   BANK3          

        CLASS   RAM            

        CLASS   ABS1           
                abs_s1                               7E       7E        2         1

        CLASS   SFR0           

        CLASS   SFR1           

        CLASS   SFR2           

        CLASS   SFR3           

        CLASS   CONFIG         
                config                             2007     2007        1         4

        CLASS   IDLOC          

        CLASS   EEDATA         



SEGMENTS        Name                           Load    Length   Top    Selector   Space  Class     Delta

                reset_vec                      000000  000003  000003         0       0  CODE        2
                strings                        000003  000013  000016         6       0  STRING      2
                cstackBANK0                    000020  000006  000026        20       1  BANK0       1
                cstackCOMMON                   000070  00000D  00007D        70       1  COMMON      1
                text2                          00060F  00001D  00062C       C1E       0  CODE        2
                text4                          00062C  000024  000650       C58       0  CODE        2
                text5                          000650  000025  000675       CA0       0  CODE        2
                text7                          000675  000027  00069C       CEA       0  CODE        2
                text1                          00069C  000028  0006C4       D38       0  CODE        2
                maintext                       0006C4  000041  000705       D88       0  CODE        2
                text6                          000705  000067  00076C       E0A       0  CODE        2
                text3                          00076C  000090  0007FC       ED8       0  CODE        2
                cinit                          0007FC  000004  000800       FF8       0  CODE        2


UNUSED ADDRESS RANGES

        Name                Unused          Largest block    Delta
        BANK0            0026-006F             4A           1
        BANK1            00A0-00EF             50           1
        BANK2            0110-016F             60           1
        BANK3            0190-01EF             60           1
        CODE             0016-060E            5F9           2
                         0800-1FFF            800
        COMMON           007D-007D              1           1
        CONST            0016-060E            100           2
                         0800-1FFF            100
        EEDATA           2100-21FF            100           2
        ENTRY            0016-060E            100           2
                         0800-1FFF            100
        IDLOC            2000-2003              4           2
        RAM              0026-006F             4A           1
                         00A0-00EF             50
                         0110-016F             60
                         0190-01EF             60
        SFR0             0000-001F             20           1
        SFR1             0080-009F             20           1
        SFR2             0100-010F             10           1
        SFR3             0180-018F             10           1
        STACK            0110-016F             60           1
        STRCODE          0016-060E            5F9           2
                         0800-1FFF           1800
        STRING           0016-060E            100           2
                         0800-1FFF            100

                                  Symbol Table

?___awdiv                cstackCOMMON 0070
?___wmul                 cstackCOMMON 0070
?_strlen                 cstackCOMMON 0070
_PIE1bits                (abs)        008C
_PORTC                   (abs)        0007
_PORTD                   (abs)        0008
_T1CONbits               (abs)        0010
_TMR1H                   (abs)        000F
_TMR1L                   (abs)        000E
_TRISC                   (abs)        0087
_TRISD                   (abs)        0088
__Habs1                  abs1         0000
__Hbank0                 bank0        0000
__Hbank1                 bank1        0000
__Hbank2                 bank2        0000
__Hbank3                 bank3        0000
__Hcinit                 cinit        0800
__Hclrtext               clrtext      0000
__Hcode                  code         0000
__Hcommon                common       0000
__Hconfig                config       2008
__HcstackBANK0           cstackBANK0  0000
__HcstackCOMMON          cstackCOMMON 0000
__Heeprom_data           eeprom_data  0000
__Hend_init              end_init     0003
__Hfunctab               functab      0000
__Hinit                  init         0000
__Hintentry              intentry     0000
__Hmaintext              maintext     0000
__Hpowerup               powerup      0000
__Hram                   ram          0000
__Hreset_vec             reset_vec    0000
__Hsfr0                  sfr0         0000
__Hsfr1                  sfr1         0000
__Hsfr2                  sfr2         0000
__Hsfr3                  sfr3         0000
__Hspace_0               (abs)        0800
__Hspace_1               (abs)        007D
__Hspace_2               (abs)        0000
__Hspace_3               (abs)        0000
__Hspace_4               (abs)        400F
__Hstack                 stack        0000
__Hstrings               strings      0000
__Htext                  text         0000
__Labs1                  abs1         0000
__Lbank0                 bank0        0000
__Lbank1                 bank1        0000
__Lbank2                 bank2        0000
__Lbank3                 bank3        0000
__Lcinit                 cinit        07FC
__Lclrtext               clrtext      0000
__Lcode                  code         0000
__Lcommon                common       0000
__Lconfig                config       0000
__LcstackBANK0           cstackBANK0  0000
__LcstackCOMMON          cstackCOMMON 0000
__Leeprom_data           eeprom_data  0000
__Lend_init              end_init     0000
__Lfunctab               functab      0000
__Linit                  init         0000
__Lintentry              intentry     0000
__Lmaintext              maintext     0000
__Lpowerup               powerup      0000
__Lram                   ram          0000
__Lreset_vec             reset_vec    0000
__Lsfr0                  sfr0         0000
__Lsfr1                  sfr1         0000
__Lsfr2                  sfr2         0000
__Lsfr3                  sfr3         0000
__Lspace_0               (abs)        0000
__Lspace_1               (abs)        0000
__Lspace_2               (abs)        0000
__Lspace_3               (abs)        0000
__Lspace_4               (abs)        0000
__Lstack                 stack        0000
__Lstrings               strings      0000
__Ltext                  text         0000
__S0                     (abs)        0800
__S1                     (abs)        007D
__S2                     (abs)        0000
__S3                     (abs)        0000
___awdiv                 text6        0705
___awdiv@counter         cstackCOMMON 0075
___awdiv@dividend        cstackCOMMON 0072
___awdiv@divisor         cstackCOMMON 0070
___awdiv@quotient        cstackCOMMON 0077
___awdiv@sign            cstackCOMMON 0076
___int_sp                stack        0000
___latbits               (abs)        0002
___sp                    stack        0000
___stackhi               (abs)        0000
___stacklo               (abs)        0000
___wmul                  text5        0650
___wmul@multiplicand     cstackCOMMON 0072
___wmul@multiplier       cstackCOMMON 0070
___wmul@product          cstackCOMMON 0074
__end_of___awdiv         text6        076C
__end_of___wmul          text5        0675
__end_of__initialization cinit        07FC
__end_of__stringtab      strings      0009
__end_of_lcd_char        text4        0650
__end_of_lcd_command     text7        069C
__end_of_lcd_number      text3        07FC
__end_of_lcd_string      text1        06C4
__end_of_main            maintext     0705
__end_of_strlen          text2        062C
__initialization         cinit        07FC
__pcstackBANK0           cstackBANK0  0020
__pcstackCOMMON          cstackCOMMON 0070
__pmaintext              maintext     06C4
__pstrings               strings      0003
__ptext1                 text1        069C
__ptext2                 text2        060F
__ptext3                 text3        076C
__ptext4                 text4        062C
__ptext5                 text5        0650
__ptext6                 text6        0705
__ptext7                 text7        0675
__size_of___awdiv        (abs)        0000
__size_of___wmul         (abs)        0000
__size_of_lcd_char       (abs)        0000
__size_of_lcd_command    (abs)        0000
__size_of_lcd_number     (abs)        0000
__size_of_lcd_string     (abs)        0000
__size_of_main           (abs)        0000
__size_of_strlen         (abs)        0000
__stringbase             strings      0008
__stringtab              strings      0003
_lcd_char                text4        062C
_lcd_command             text7        0675
_lcd_number              text3        076C
_lcd_string              text1        069C
_main                    maintext     06C4
_strlen                  text2        060F
btemp                    (abs)        007E
end_of_initialization    cinit        07FC
intlevel0                functab      0000
intlevel1                functab      0000
intlevel2                functab      0000
intlevel3                functab      0000
intlevel4                functab      0000
intlevel5                functab      0000
lcd_char@data            cstackCOMMON 0072
lcd_command@cmnd         cstackCOMMON 0072
lcd_number@num           cstackCOMMON 0079
lcd_number@num_display   cstackBANK0  0020
lcd_number@num_div       cstackBANK0  0024
lcd_number@num_test      cstackBANK0  0022
lcd_string@i             cstackCOMMON 0075
lcd_string@str           cstackCOMMON 0077
main@cnt                 cstackCOMMON 007B
reset_vec                reset_vec    0000
start                    init         0000
start_initialization     cinit        07FC
strlen@cp                cstackCOMMON 0074
strlen@s                 cstackCOMMON 0073
wtemp0                   (abs)        007E


MODULE INFORMATION

Module		Function		Class		Link	Load	Size
../../Timer1.Counter.X/MyLcd16.c
		_lcd_command   		CODE           	0675	0000	39
		_lcd_char      		CODE           	062C	0000	36
		_lcd_string    		CODE           	069C	0000	40
		_lcd_number    		CODE           	076C	0000	144

../../Timer1.Counter.X/MyLcd16.c estimated size: 259

C:\Program Files\Microchip\xc8\v2.32\pic\sources\c90\common\strlen.c
		_strlen        		CODE           	060F	0000	29

C:\Program Files\Microchip\xc8\v2.32\pic\sources\c90\common\strlen.c estimated size: 29

newmain.c
		_main          		CODE           	06C4	0000	65

newmain.c estimated size: 65

shared
		__stringtab    		STRING         	0003	0000	6
		__initialization		CODE           	07FC	0000	1

shared estimated size: 7

C:\Program Files\Microchip\xc8\v2.32\pic\sources\c90\common\awdiv.c
		___awdiv       		CODE           	0705	0000	103

C:\Program Files\Microchip\xc8\v2.32\pic\sources\c90\common\awdiv.c estimated size: 103

C:\Program Files\Microchip\xc8\v2.32\pic\sources\c90\common\Umul16.c
		___wmul        		CODE           	0650	0000	37

C:\Program Files\Microchip\xc8\v2.32\pic\sources\c90\common\Umul16.c estimated size: 37

