Microchip MPLAB XC8 Compiler V2.32

Linker command line:

-W-3 --edf=C:\Program Files\Microchip\xc8\v2.32\pic\dat\en_msgs.txt -cn \
  -h+dist/default/debug\Keypad.X.debug.sym \
  --cmf=dist/default/debug\Keypad.X.debug.cmf -z -Q18F4520 \
  -oC:\Users\Linh\AppData\Local\Temp\xcAsdu4.4 --defsym=__MPLAB_BUILD=1 \
  -Mdist/default/debug/Keypad.X.debug.map -E1 -ver=XC8 Compiler \
  --acfsm=1493 -ASTACK=080h-05FFh -pstack=STACK -ACODE=00h-07FFFh \
  -ACONST=00h-07FFFh -ASMALLCONST=0600h-06FFhx122 \
  -AMEDIUMCONST=0600h-07FFFh -ACOMRAM=01h-07Fh -AABS1=00h-05FFh \
  -ABIGRAM=01h-05FFh -ARAM=080h-0FFh,0100h-01FFhx5 -ABANK0=080h-0FFh \
  -ABANK1=0100h-01FFh -ABANK2=0200h-02FFh -ABANK3=0300h-03FFh \
  -ABANK4=0400h-04FFh -ABANK5=0500h-05FFh -ASFR=0F80h-0FFFh \
  -ACONFIG=0300000h-030000Dh -AIDLOC=0200000h-0200007h \
  -AEEDATA=0F00000h-0F000FFh -peeprom_data=EEDATA \
  -preset_vec=00h,intcode,intcodelo,powerup,init -pramtop=0600h \
  -psmallconst=SMALLCONST -pmediumconst=MEDIUMCONST -pconst=CONST \
  -AFARRAM=00h-00h \
  -prdata=COMRAM,nvrram=COMRAM,nvbit=COMRAM,rbss=COMRAM,rbit=COMRAM \
  -pfarbss=FARRAM,fardata=FARRAM,nvFARRAM=FARRAM \
  -pintsave_regs=BIGRAM,bigbss=BIGRAM,bigdata=BIGRAM -pbss=RAM \
  -pidata=CODE,irdata=CODE,ibigdata=CODE,ifardata=CODE -prparam=COMRAM \
  C:\Users\Linh\AppData\Local\Temp\xcAsdu4.o \
  dist/default/debug\Keypad.X.debug.o 

Object code version is 3.11

Machine type is 18F4520



                Name                               Link     Load   Length Selector   Space Scale
C:\Users\Linh\AppData\Local\Temp\xcAsdu4.o
                idloc                            200000   200000        8        0       5
                config                           300000   300000        E        0       4
                init                                  0        0        4        0       0
dist/default/debug\Keypad.X.debug.o
                idloc                            200000   200000        8        0       5
                config                           300000   300000        E        0       4
                smallconst                          600      600        E      300       0
                text9                               706      706       C4      307       0
                text8                               946      946       26      307       0
                text7                               918      918       2E      307       0
                text6                               60E      60E       F8      307       0
                text5                               854      854       34      307       0
                text4                               8EA      8EA       2E      307       0
                text3                               81A      81A       3A      307       0
                text2                               7CA      7CA       50      307       0
                text1                               8BA      8BA       30      307       0
                text0                               97C      97C       10      307       0
                cstackCOMRAM                         11       11       10        1       1
                dataCOMRAM                            1        1       10        1       1
                bssCOMRAM                            21       21        2        1       1
                cinit                               888      888       32      307       0
                idataCOMRAM                         96C      96C       10      307       0

TOTAL           Name                               Link     Load   Length     Space
        CLASS   STACK          

        CLASS   CODE           
                init                                  0        0        4         0
                text9                               706      706       C4         0
                text8                               946      946       26         0
                text7                               918      918       2E         0
                text6                               60E      60E       F8         0
                text5                               854      854       34         0
                text4                               8EA      8EA       2E         0
                text3                               81A      81A       3A         0
                text2                               7CA      7CA       50         0
                text1                               8BA      8BA       30         0
                text0                               97C      97C       10         0
                cinit                               888      888       32         0
                idataCOMRAM                         96C      96C       10         0

        CLASS   CONST          

        CLASS   SMALLCONST     
                smallconst                          600      600        E         0

        CLASS   MEDIUMCONST    

        CLASS   COMRAM         
                cstackCOMRAM                         11       11       10         1
                dataCOMRAM                            1        1       10         1
                bssCOMRAM                            21       21        2         1

        CLASS   ABS1           

        CLASS   BIGRAM         

        CLASS   RAM            

        CLASS   BANK0          

        CLASS   BANK1          

        CLASS   BANK2          

        CLASS   BANK3          

        CLASS   BANK4          

        CLASS   BANK5          

        CLASS   SFR            

        CLASS   CONFIG         
                config                           300000   300000        E         4

        CLASS   IDLOC          
                idloc                            200000   200000        8         5

        CLASS   EEDATA         

        CLASS   FARRAM         



SEGMENTS        Name                           Load    Length   Top    Selector   Space  Class

                reset_vec                      000000  000004  000004         0       0  CODE    
                dataCOMRAM                     000001  000022  000023         1       1  COMRAM  
                smallconst                     000600  00000E  00060E       300       0  SMALLCON
                text6                          00060E  00037E  00098C       307       0  CODE    


UNUSED ADDRESS RANGES

        Name                Unused          Largest block    Delta
        BANK0            000080-0000FF               80
        BANK1            000100-0001FF              100
        BANK2            000200-0002FF              100
        BANK3            000300-0003FF              100
        BANK4            000400-0004FF              100
        BANK5            000500-0005FF              100
        BIGRAM           000023-0005FF              5DD
        CODE             000004-0005FF              5FC
                         00098C-007FFF             7674
        COMRAM           000023-00007F               5D
        CONST            000004-0005FF              5FC
                         00098C-007FFF             7674
        EEDATA           F00000-F000FF              100
        MEDIUMCONST      00098C-007FFF             7674
        RAM              000080-0005FF              100
        SFR              000F80-000FFF               80
        SMALLCONST       00098C-007FFF              100
        STACK            000080-0005FF              580

                                  Symbol Table

?___awdiv                   cstackCOMRAM 000011
?___wmul                    cstackCOMRAM 000011
?_strlen                    cstackCOMRAM 000011
_Keyfind                    text5        000854
_LCD_Configuration          text1        0008BA
_PORTB                      (abs)        000F81
_PORTC                      (abs)        000F82
_PORTD                      (abs)        000F83
_TRISB                      (abs)        000F93
_TRISC                      (abs)        000F94
_TRISD                      (abs)        000F95
__HRAM                      (abs)        000000
__Habs1                     abs1         000000
__Hbank0                    bank0        000000
__Hbank1                    bank1        000000
__Hbank2                    bank2        000000
__Hbank3                    bank3        000000
__Hbank4                    bank4        000000
__Hbank5                    bank5        000000
__Hbigbss                   bigbss       000000
__Hbigdata                  bigdata      000000
__Hbigram                   bigram       000000
__Hbss                      bss          000000
__HbssCOMRAM                bssCOMRAM    000000
__Hcinit                    cinit        000000
__Hclrtext                  clrtext      000000
__Hcomram                   comram       000000
__Hconfig                   config       30000E
__Hconst                    const        000000
__HcstackCOMRAM             cstackCOMRAM 000000
__Hdata                     data         000000
__HdataCOMRAM               dataCOMRAM   000000
__Heeprom_data              eeprom_data  000000
__Hfarbss                   farbss       000000
__Hfardata                  fardata      000000
__Hibigdata                 ibigdata     000000
__Hidata                    idata        000000
__HidataCOMRAM              idataCOMRAM  000000
__Hidloc                    idloc        200008
__Hifardata                 ifardata     000000
__Hinit                     init         000004
__Hintcode                  intcode      000000
__Hintcode_body             intcode_body 000000
__Hintcodelo                intcodelo    000000
__Hintentry                 intentry     000000
__Hintret                   intret       000000
__Hintsave_regs             intsave_regs 000000
__Hirdata                   irdata       000000
__Hmediumconst              mediumconst  000000
__HnvFARRAM                 nvFARRAM     000000
__Hnvbit                    nvbit        000000
__Hnvrram                   nvrram       000000
__Hparam                    rparam       000000
__Hpowerup                  powerup      000000
__Hram                      ram          000000
__Hramtop                   ramtop       000600
__Hrbit                     rbit         000000
__Hrbss                     rbss         000000
__Hrdata                    rdata        000000
__Hreset_vec                reset_vec    000000
__Hrparam                   rparam       000000
__Hsfr                      sfr          000000
__Hsmallconst               smallconst   00060E
__Hspace_0                  (abs)        00098C
__Hspace_1                  (abs)        000023
__Hspace_2                  (abs)        000000
__Hspace_4                  (abs)        60000E
__Hstack                    stack        000000
__Hstruct                   struct       000000
__Htemp                     temp         000000
__Htext                     text         000000
__Htext0                    text0        000000
__Htext1                    text1        000000
__Htext2                    text2        000000
__Htext3                    text3        000000
__Htext4                    text4        000000
__Htext5                    text5        000000
__Htext6                    text6        000000
__Htext7                    text7        000000
__Htext8                    text8        000000
__Htext9                    text9        000000
__LRAM                      (abs)        000001
__Labs1                     abs1         000000
__Lbank0                    bank0        000000
__Lbank1                    bank1        000000
__Lbank2                    bank2        000000
__Lbank3                    bank3        000000
__Lbank4                    bank4        000000
__Lbank5                    bank5        000000
__Lbigbss                   bigbss       000000
__Lbigdata                  bigdata      000000
__Lbigram                   bigram       000000
__Lbss                      bss          000000
__LbssCOMRAM                bssCOMRAM    000000
__Lcinit                    cinit        000000
__Lclrtext                  clrtext      000000
__Lcomram                   comram       000000
__Lconfig                   config       000000
__Lconst                    const        000000
__LcstackCOMRAM             cstackCOMRAM 000000
__Ldata                     data         000000
__LdataCOMRAM               dataCOMRAM   000000
__Leeprom_data              eeprom_data  000000
__Lfarbss                   farbss       000000
__Lfardata                  fardata      000000
__Libigdata                 ibigdata     000000
__Lidata                    idata        000000
__LidataCOMRAM              idataCOMRAM  000000
__Lidloc                    idloc        000000
__Lifardata                 ifardata     000000
__Linit                     init         000000
__Lintcode                  intcode      000000
__Lintcode_body             intcode_body 000000
__Lintcodelo                intcodelo    000000
__Lintentry                 intentry     000000
__Lintret                   intret       000000
__Lintsave_regs             intsave_regs 000000
__Lirdata                   irdata       000000
__Lmediumconst              mediumconst  000000
__LnvFARRAM                 nvFARRAM     000000
__Lnvbit                    nvbit        000000
__Lnvrram                   nvrram       000000
__Lparam                    rparam       000000
__Lpowerup                  powerup      000000
__Lram                      ram          000000
__Lramtop                   ramtop       000600
__Lrbit                     rbit         000000
__Lrbss                     rbss         000000
__Lrdata                    rdata        000000
__Lreset_vec                reset_vec    000000
__Lrparam                   rparam       000000
__Lsfr                      sfr          000000
__Lsmallconst               smallconst   000600
__Lspace_0                  (abs)        000000
__Lspace_1                  (abs)        000000
__Lspace_2                  (abs)        000000
__Lspace_4                  (abs)        000000
__Lstack                    stack        000000
__Lstruct                   struct       000000
__Ltemp                     temp         000000
__Ltext                     text         000000
__Ltext0                    text0        000000
__Ltext1                    text1        000000
__Ltext2                    text2        000000
__Ltext3                    text3        000000
__Ltext4                    text4        000000
__Ltext5                    text5        000000
__Ltext6                    text6        000000
__Ltext7                    text7        000000
__Ltext8                    text8        000000
__Ltext9                    text9        000000
__S0                        (abs)        00098C
__S1                        (abs)        000023
__S2                        (abs)        000000
__S4                        (abs)        000000
__S5                        (abs)        000000
___awdiv                    text9        000706
___awdiv@counter            cstackCOMRAM 000015
___awdiv@dividend           cstackCOMRAM 000011
___awdiv@divisor            cstackCOMRAM 000013
___awdiv@quotient           cstackCOMRAM 000017
___awdiv@sign               cstackCOMRAM 000016
___inthi_sp                 stack        000000
___intlo_sp                 stack        000000
___param_bank               (abs)        000000
___rparam_used              (abs)        000001
___sp                       stack        000000
___wmul                     text8        000946
___wmul@multiplicand        cstackCOMRAM 000013
___wmul@multiplier          cstackCOMRAM 000011
___wmul@product             cstackCOMRAM 000015
__accesstop                 (abs)        000080
__activetblptr              (abs)        000001
__end_of_Keyfind            text5        000888
__end_of_LCD_Configuration  text1        0008EA
__end_of___awdiv            text9        0007CA
__end_of___wmul             text8        00096C
__end_of__initialization    cinit        0008AC
__end_of_lcd_char           text7        000946
__end_of_lcd_command        text4        000918
__end_of_lcd_number         text6        000706
__end_of_lcd_string         text2        00081A
__end_of_main               text0        00098C
__end_of_strlen             text3        000854
__initialization            cinit        000888
__mediumconst               mediumconst  000000
__pbssCOMRAM                bssCOMRAM    000021
__pcinit                    cinit        000888
__pcstackCOMRAM             cstackCOMRAM 000011
__pdataCOMRAM               dataCOMRAM   000001
__pidataCOMRAM              idataCOMRAM  00096C
__psmallconst               smallconst   000600
__ptext0                    text0        00097C
__ptext1                    text1        0008BA
__ptext2                    text2        0007CA
__ptext3                    text3        00081A
__ptext4                    text4        0008EA
__ptext5                    text5        000854
__ptext6                    text6        00060E
__ptext7                    text7        000918
__ptext8                    text8        000946
__ptext9                    text9        000706
__ramtop                    ramtop       000600
__size_of_Keyfind           (abs)        000000
__size_of_LCD_Configuration (abs)        000000
__size_of___awdiv           (abs)        000000
__size_of___wmul            (abs)        000000
__size_of_lcd_char          (abs)        000000
__size_of_lcd_command       (abs)        000000
__size_of_lcd_number        (abs)        000000
__size_of_lcd_string        (abs)        000000
__size_of_main              (abs)        000000
__size_of_strlen            (abs)        000000
__smallconst                smallconst   000600
_colloc                     bssCOMRAM    000022
_keypad                     dataCOMRAM   000001
_lcd_char                   text7        000918
_lcd_command                text4        0008EA
_lcd_number                 text6        00060E
_lcd_string                 text2        0007CA
_main                       text0        00097C
_rowloc                     bssCOMRAM    000021
_strlen                     text3        00081A
end_of_initialization       cinit        0008AC
intlevel0                   text         000000
intlevel1                   text         000000
intlevel2                   text         000000
intlevel3                   text         000000
isa$std                     (abs)        000001
isa$xinst                   (abs)        000000
lcd_char@data               cstackCOMRAM 000012
lcd_command@cmnd            cstackCOMRAM 000012
lcd_number@num              cstackCOMRAM 000019
lcd_number@num_display      cstackCOMRAM 00001B
lcd_number@num_div          cstackCOMRAM 00001F
lcd_number@num_test         cstackCOMRAM 00001D
lcd_string@i                cstackCOMRAM 000019
lcd_string@str              cstackCOMRAM 000015
stackhi                     (abs)        0005FF
stacklo                     (abs)        000080
start                       init         000000
start_initialization        cinit        000888
strlen@a                    cstackCOMRAM 000013
strlen@s                    cstackCOMRAM 000011


MODULE INFORMATION

Module		Function		Class		Link	Load	Size
C:\Program Files\Microchip\xc8\v2.32\pic\sources\c99\common\awdiv.c
		___awdiv       		CODE           	0706	0000	196

C:\Program Files\Microchip\xc8\v2.32\pic\sources\c99\common\awdiv.c estimated size: 196

MyLcd16.c
		_lcd_command   		CODE           	08EA	0000	46
		_lcd_char      		CODE           	0918	0000	46
		_lcd_string    		CODE           	07CA	0000	80
		_lcd_number    		CODE           	060E	0000	248

MyLcd16.c estimated size: 420

newmain.c
		_LCD_Configuration		CODE           	08BA	0000	48
		_main          		CODE           	097C	0000	16
		_Keyfind       		CODE           	0854	0000	52

newmain.c estimated size: 116

C:\Program Files\Microchip\xc8\v2.32\pic\sources\c99\common\Umul16.c
		___wmul        		CODE           	0946	0000	38

C:\Program Files\Microchip\xc8\v2.32\pic\sources\c99\common\Umul16.c estimated size: 38

shared
		__initialization		CODE           	0888	0000	36

shared estimated size: 36

C:\Program Files\Microchip\xc8\v2.32\pic\sources\c99\common\strlen.c
		_strlen        		CODE           	081A	0000	58

C:\Program Files\Microchip\xc8\v2.32\pic\sources\c99\common\strlen.c estimated size: 58

