Microchip MPLAB XC8 Compiler V2.32

Linker command line:

-W-3 --edf=C:\Program Files\Microchip\xc8\v2.32\pic\dat\en_msgs.txt -cn \
  -h+dist/default/debug\Full_code.X.debug.sym \
  --cmf=dist/default/debug\Full_code.X.debug.cmf -z -Q18F4520 \
  -oC:\Users\Linh\AppData\Local\Temp\xcAsf1g.4 --defsym=__MPLAB_BUILD=1 \
  -Mdist/default/debug/Full_code.X.debug.map -E1 -ver=XC8 Compiler \
  --acfsm=1493 -ASTACK=0EAh-05FFh -pstack=STACK -ACODE=00h-07FFFh \
  -ACONST=00h-07FFFh -ASMALLCONST=0600h-06FFhx122 \
  -AMEDIUMCONST=0600h-07FFFh -ACOMRAM=01h-07Fh -AABS1=00h-05FFh \
  -ABIGRAM=01h-05FFh -ARAM=080h-0FFh,0100h-01FFhx5 -ABANK0=080h-0FFh \
  -ABANK1=0100h-01FFh -ABANK2=0200h-02FFh -ABANK3=0300h-03FFh \
  -ABANK4=0400h-04FFh -ABANK5=0500h-05FFh -ASFR=0F80h-0FFFh \
  -ACONFIG=0300000h-030000Dh -AIDLOC=0200000h-0200007h \
  -AEEDATA=0F00000h-0F000FFh -peeprom_data=EEDATA \
  -preset_vec=00h,intcode=08h,intcodelo,powerup,init -pramtop=0600h \
  -psmallconst=SMALLCONST -pmediumconst=MEDIUMCONST -pconst=CONST \
  -AFARRAM=00h-00h \
  -prdata=COMRAM,nvrram=COMRAM,nvbit=COMRAM,rbss=COMRAM,rbit=COMRAM \
  -pfarbss=FARRAM,fardata=FARRAM,nvFARRAM=FARRAM \
  -pintsave_regs=BIGRAM,bigbss=BIGRAM,bigdata=BIGRAM -pbss=RAM \
  -pidata=CODE,irdata=CODE,ibigdata=CODE,ifardata=CODE -prparam=COMRAM \
  C:\Users\Linh\AppData\Local\Temp\xcAsf1g.o \
  dist/default/debug\Full_code.X.debug.o 

Object code version is 3.11

Machine type is 18F4520



                Name                               Link     Load   Length Selector   Space Scale
C:\Users\Linh\AppData\Local\Temp\xcAsf1g.o
                idloc                            200000   200000        8        0       5
                config                           300000   300000        E        0       4
                init                                  E        E        4        4       0
                reset_vec                             0        0        4        0       0
dist/default/debug\Full_code.X.debug.o
                intcode                               8        8        6        4       0
                idloc                            200000   200000        8        0       5
                config                           300000   300000        E        0       4
                temp                                 63       63        1        1       1
                smallconst                          600      600       10      300       0
                text24                             1D78     1D78      10C      308       0
                text23                             1202     1202      39A      308       0
                text22                              A3C      A3C      42A      308       0
                text21                             1F8C     1F8C      106      308       0
                text20                             1754     1754      1B4      308       0
                text19                             1B58     1B58      112      308       0
                intcode_body                       1908     1908      136      308       0
                text17                             1C6A     1C6A      10E      308       0
                text16                              E66      E66      39C      308       0
                text15                              610      610      42C      308       0
                text14                             1E84     1E84      108      308       0
                text13                             159C     159C      1B8      308       0
                text12                             1A3E     1A3E      11A      308       0
                text11                             2340     2340       72      308       0
                text10                             2504     2504        E      308       0
                text9                              2512     2512        C      308       0
                text8                              24F6     24F6        E      308       0
                text7                              247A     247A       34      308       0
                text6                              227A     227A       C6      308       0
                text5                              24AE     24AE       28      308       0
                text4                              2446     2446       34      308       0
                text3                              2092     2092      102      308       0
                text2                              2408     2408       3E      308       0
                text1                              23B2     23B2       56      308       0
                text0                              2194     2194       E6      308       0
                cstackCOMRAM                          1        1       60        1       1
                cstackBANK0                          80       80       66       80       1
                bssBANK0                             E6       E6        4       80       1
                bssCOMRAM                            61       61        2        1       1
                cinit                              24D6     24D6       20      308       0

TOTAL           Name                               Link     Load   Length     Space
        CLASS   STACK          

        CLASS   CODE           
                intcode                               8        8        6         0
                init                                  E        E        4         0
                reset_vec                             0        0        4         0
                text24                             1D78     1D78      10C         0
                text23                             1202     1202      39A         0
                text22                              A3C      A3C      42A         0
                text21                             1F8C     1F8C      106         0
                text20                             1754     1754      1B4         0
                text19                             1B58     1B58      112         0
                intcode_body                       1908     1908      136         0
                text17                             1C6A     1C6A      10E         0
                text16                              E66      E66      39C         0
                text15                              610      610      42C         0
                text14                             1E84     1E84      108         0
                text13                             159C     159C      1B8         0
                text12                             1A3E     1A3E      11A         0
                text11                             2340     2340       72         0
                text10                             2504     2504        E         0
                text9                              2512     2512        C         0
                text8                              24F6     24F6        E         0
                text7                              247A     247A       34         0
                text6                              227A     227A       C6         0
                text5                              24AE     24AE       28         0
                text4                              2446     2446       34         0
                text3                              2092     2092      102         0
                text2                              2408     2408       3E         0
                text1                              23B2     23B2       56         0
                text0                              2194     2194       E6         0
                cinit                              24D6     24D6       20         0

        CLASS   CONST          

        CLASS   SMALLCONST     
                smallconst                          600      600       10         0

        CLASS   MEDIUMCONST    

        CLASS   COMRAM         
                temp                                 63       63        1         1
                cstackCOMRAM                          1        1       60         1
                bssCOMRAM                            61       61        2         1

        CLASS   ABS1           

        CLASS   BIGRAM         

        CLASS   RAM            

        CLASS   BANK0          
                cstackBANK0                          80       80       66         1
                bssBANK0                             E6       E6        4         1

        CLASS   BANK1          

        CLASS   BANK2          

        CLASS   BANK3          

        CLASS   BANK4          

        CLASS   BANK5          

        CLASS   SFR            

        CLASS   CONFIG         
                config                           300000   300000        E         4

        CLASS   IDLOC          
                idloc                            200000   200000        8         5

        CLASS   EEDATA         

        CLASS   FARRAM         



SEGMENTS        Name                           Load    Length   Top    Selector   Space  Class

                reset_vec                      000000  000004  000004         0       0  CODE    
                cstackCOMRAM                   000001  000063  000064         1       1  COMRAM  
                intcode                        000008  00000A  000012         4       0  CODE    
                cstackBANK0                    000080  00006A  0000EA        80       1  BANK0   
                smallconst                     000600  000010  000610       300       0  SMALLCON
                text15                         000610  001F0E  00251E       308       0  CODE    


UNUSED ADDRESS RANGES

        Name                Unused          Largest block    Delta
        BANK0            0000EA-0000FF               16
        BANK1            000100-0001FF              100
        BANK2            000200-0002FF              100
        BANK3            000300-0003FF              100
        BANK4            000400-0004FF              100
        BANK5            000500-0005FF              100
        BIGRAM           000064-00007F               1C
                         0000EA-0005FF              516
        CODE             000004-000007                4
                         000012-0005FF              5EE
                         00251E-007FFF             5AE2
        COMRAM           000064-00007F               1C
        CONST            000004-000007                4
                         000012-0005FF              5EE
                         00251E-007FFF             5AE2
        EEDATA           F00000-F000FF              100
        MEDIUMCONST      00251E-007FFF             5AE2
        RAM              0000EA-0005FF              100
        SFR              000F80-000FFF               80
        SMALLCONST       00251E-007FFF              100
        STACK            0000EA-0005FF              516

                                  Symbol Table

?___aldiv                         cstackBANK0  000080
?___awdiv                         cstackBANK0  000080
?___fldiv                         cstackBANK0  00009C
?___flmul                         cstackBANK0  0000B5
?___fltol                         cstackBANK0  0000CE
?___wmul                          cstackBANK0  000080
?___xxtofl                        cstackBANK0  00008E
?_strlen                          cstackBANK0  000080
?i2___aldiv                       cstackCOMRAM 000001
?i2___fldiv                       cstackCOMRAM 00001D
?i2___flmul                       cstackCOMRAM 000036
?i2___fltol                       cstackCOMRAM 00004F
?i2___xxtofl                      cstackCOMRAM 00000F
PWM1_Duty@duty                    cstackBANK0  0000D8
PWM1_Init@u32Frequency            cstackBANK0  00008E
_CCP1M2                           (abs)        007DEA
_CCP1M3                           (abs)        007DEB
_CCP1X                            (abs)        007DED
_CCP1Y                            (abs)        007DEC
_CCPR1L                           (abs)        000FBE
_INTCON                           (abs)        000FF2
_INTCON3                          (abs)        000FF0
_INTCON3bits                      (abs)        000FF0
_INTCONbits                       (abs)        000FF2
_INTEDG0                          (abs)        007F8E
_INTEDG1                          (abs)        007F8D
_INTEDG2                          (abs)        007F8C
_PORTB                            (abs)        000F81
_PORTBbits                        (abs)        000F81
_PORTC                            (abs)        000F82
_PORTCbits                        (abs)        000F82
_PORTD                            (abs)        000F83
_PR2                              (abs)        000FCB
_PWM1_Duty                        text12       001A3E
_PWM1_Init                        text11       002340
_PWM1_Start                       text10       002504
_PortB_Int_Configuration          text9        002512
_T1CON                            (abs)        000FCD
_T2CKPS0                          (abs)        007E50
_T2CKPS1                          (abs)        007E51
_TMR1H                            (abs)        000FCF
_TMR1L                            (abs)        000FCE
_TMR2ON                           (abs)        007E52
_TRISC                            (abs)        000F94
_TRISC2                           (abs)        007CA2
_TRISCbits                        (abs)        000F94
_TRISD                            (abs)        000F95
_Timer1_Configuration             text8        0024F6
__HRAM                            (abs)        000000
__Habs1                           abs1         000000
__Hbank0                          bank0        000000
__Hbank1                          bank1        000000
__Hbank2                          bank2        000000
__Hbank3                          bank3        000000
__Hbank4                          bank4        000000
__Hbank5                          bank5        000000
__Hbigbss                         bigbss       000000
__Hbigdata                        bigdata      000000
__Hbigram                         bigram       000000
__Hbss                            bss          000000
__HbssBANK0                       bssBANK0     000000
__HbssCOMRAM                      bssCOMRAM    000000
__Hcinit                          cinit        000000
__Hclrtext                        clrtext      000000
__Hcomram                         comram       000000
__Hconfig                         config       30000E
__Hconst                          const        000000
__HcstackBANK0                    cstackBANK0  000000
__HcstackCOMRAM                   cstackCOMRAM 000000
__Hdata                           data         000000
__Heeprom_data                    eeprom_data  000000
__Hfarbss                         farbss       000000
__Hfardata                        fardata      000000
__Hibigdata                       ibigdata     000000
__Hidata                          idata        000000
__Hidloc                          idloc        200008
__Hifardata                       ifardata     000000
__Hinit                           init         000012
__Hintcode                        intcode      00000E
__Hintcode_body                   intcode_body 000000
__Hintcodelo                      intcodelo    00000E
__Hintentry                       intentry     000000
__Hintret                         intret       000000
__Hintsave_regs                   intsave_regs 000000
__Hirdata                         irdata       000000
__Hmediumconst                    mediumconst  000000
__HnvFARRAM                       nvFARRAM     000000
__Hnvbit                          nvbit        000000
__Hnvrram                         nvrram       000000
__Hparam                          rparam       000000
__Hpowerup                        powerup      00000E
__Hram                            ram          000000
__Hramtop                         ramtop       000600
__Hrbit                           rbit         000000
__Hrbss                           rbss         000000
__Hrdata                          rdata        000000
__Hreset_vec                      reset_vec    000004
__Hrparam                         rparam       000000
__Hsfr                            sfr          000000
__Hsmallconst                     smallconst   000610
__Hspace_0                        (abs)        00251E
__Hspace_1                        (abs)        0000EA
__Hspace_2                        (abs)        000000
__Hspace_4                        (abs)        60000E
__Hstack                          stack        000000
__Hstruct                         struct       000000
__Htemp                           temp         000064
__Htext                           text         000000
__Htext0                          text0        000000
__Htext1                          text1        000000
__Htext10                         text10       000000
__Htext11                         text11       000000
__Htext12                         text12       000000
__Htext13                         text13       000000
__Htext14                         text14       000000
__Htext15                         text15       000000
__Htext16                         text16       000000
__Htext17                         text17       000000
__Htext19                         text19       000000
__Htext2                          text2        000000
__Htext20                         text20       000000
__Htext21                         text21       000000
__Htext22                         text22       000000
__Htext23                         text23       000000
__Htext24                         text24       000000
__Htext3                          text3        000000
__Htext4                          text4        000000
__Htext5                          text5        000000
__Htext6                          text6        000000
__Htext7                          text7        000000
__Htext8                          text8        000000
__Htext9                          text9        000000
__LRAM                            (abs)        000001
__Labs1                           abs1         000000
__Lbank0                          bank0        000000
__Lbank1                          bank1        000000
__Lbank2                          bank2        000000
__Lbank3                          bank3        000000
__Lbank4                          bank4        000000
__Lbank5                          bank5        000000
__Lbigbss                         bigbss       000000
__Lbigdata                        bigdata      000000
__Lbigram                         bigram       000000
__Lbss                            bss          000000
__LbssBANK0                       bssBANK0     000000
__LbssCOMRAM                      bssCOMRAM    000000
__Lcinit                          cinit        000000
__Lclrtext                        clrtext      000000
__Lcomram                         comram       000000
__Lconfig                         config       000000
__Lconst                          const        000000
__LcstackBANK0                    cstackBANK0  000000
__LcstackCOMRAM                   cstackCOMRAM 000000
__Ldata                           data         000000
__Leeprom_data                    eeprom_data  000000
__Lfarbss                         farbss       000000
__Lfardata                        fardata      000000
__Libigdata                       ibigdata     000000
__Lidata                          idata        000000
__Lidloc                          idloc        000000
__Lifardata                       ifardata     000000
__Linit                           init         00000E
__Lintcode                        intcode      000008
__Lintcode_body                   intcode_body 000000
__Lintcodelo                      intcodelo    00000E
__Lintentry                       intentry     000000
__Lintret                         intret       000000
__Lintsave_regs                   intsave_regs 000000
__Lirdata                         irdata       000000
__Lmediumconst                    mediumconst  000000
__LnvFARRAM                       nvFARRAM     000000
__Lnvbit                          nvbit        000000
__Lnvrram                         nvrram       000000
__Lparam                          rparam       000000
__Lpowerup                        powerup      00000E
__Lram                            ram          000000
__Lramtop                         ramtop       000600
__Lrbit                           rbit         000000
__Lrbss                           rbss         000000
__Lrdata                          rdata        000000
__Lreset_vec                      reset_vec    000000
__Lrparam                         rparam       000000
__Lsfr                            sfr          000000
__Lsmallconst                     smallconst   000600
__Lspace_0                        (abs)        000000
__Lspace_1                        (abs)        000000
__Lspace_2                        (abs)        000000
__Lspace_4                        (abs)        000000
__Lstack                          stack        000000
__Lstruct                         struct       000000
__Ltemp                           temp         000063
__Ltext                           text         000000
__Ltext0                          text0        000000
__Ltext1                          text1        000000
__Ltext10                         text10       000000
__Ltext11                         text11       000000
__Ltext12                         text12       000000
__Ltext13                         text13       000000
__Ltext14                         text14       000000
__Ltext15                         text15       000000
__Ltext16                         text16       000000
__Ltext17                         text17       000000
__Ltext19                         text19       000000
__Ltext2                          text2        000000
__Ltext20                         text20       000000
__Ltext21                         text21       000000
__Ltext22                         text22       000000
__Ltext23                         text23       000000
__Ltext24                         text24       000000
__Ltext3                          text3        000000
__Ltext4                          text4        000000
__Ltext5                          text5        000000
__Ltext6                          text6        000000
__Ltext7                          text7        000000
__Ltext8                          text8        000000
__Ltext9                          text9        000000
__S0                              (abs)        00251E
__S1                              (abs)        0000EA
__S2                              (abs)        000000
__S4                              (abs)        000000
__S5                              (abs)        000000
___aldiv                          text17       001C6A
___aldiv@counter                  cstackBANK0  000088
___aldiv@dividend                 cstackBANK0  000080
___aldiv@divisor                  cstackBANK0  000084
___aldiv@quotient                 cstackBANK0  00008A
___aldiv@sign                     cstackBANK0  000089
___awdiv                          text6        00227A
___awdiv@counter                  cstackBANK0  000084
___awdiv@dividend                 cstackBANK0  000080
___awdiv@divisor                  cstackBANK0  000082
___awdiv@quotient                 cstackBANK0  000086
___awdiv@sign                     cstackBANK0  000085
___fldiv                          text16       000E66
___fldiv@a                        cstackBANK0  0000A0
___fldiv@aexp                     cstackBANK0  0000B4
___fldiv@b                        cstackBANK0  00009C
___fldiv@bexp                     cstackBANK0  0000B3
___fldiv@grs                      cstackBANK0  0000AF
___fldiv@new_exp                  cstackBANK0  0000AD
___fldiv@rem                      cstackBANK0  0000A8
___fldiv@sign                     cstackBANK0  0000AC
___flmul                          text15       000610
___flmul@a                        cstackBANK0  0000B9
___flmul@aexp                     cstackBANK0  0000C6
___flmul@b                        cstackBANK0  0000B5
___flmul@bexp                     cstackBANK0  0000C7
___flmul@grs                      cstackBANK0  0000C2
___flmul@prod                     cstackBANK0  0000C8
___flmul@sign                     cstackBANK0  0000C1
___flmul@temp                     cstackBANK0  0000CC
___fltol                          text14       001E84
___fltol@exp1                     cstackBANK0  0000D7
___fltol@f1                       cstackBANK0  0000CE
___fltol@sign1                    cstackBANK0  0000D6
___inthi_sp                       stack        000000
___intlo_sp                       stack        000000
___param_bank                     (abs)        000000
___rparam_used                    (abs)        000001
___sp                             stack        000000
___wmul                           text5        0024AE
___wmul@multiplicand              cstackBANK0  000082
___wmul@multiplier                cstackBANK0  000080
___wmul@product                   cstackBANK0  000084
___xxtofl                         text13       00159C
___xxtofl@arg                     cstackBANK0  000098
___xxtofl@exp                     cstackBANK0  000097
___xxtofl@sign                    cstackBANK0  000096
___xxtofl@val                     cstackBANK0  00008E
__accesstop                       (abs)        000080
__activetblptr                    (abs)        000001
__end_of_PWM1_Duty                text12       001B58
__end_of_PWM1_Init                text11       0023B2
__end_of_PWM1_Start               text10       002512
__end_of_PortB_Int_Configuration  text9        00251E
__end_of_Timer1_Configuration     text8        002504
__end_of___aldiv                  text17       001D78
__end_of___awdiv                  text6        002340
__end_of___fldiv                  text16       001202
__end_of___flmul                  text15       000A3C
__end_of___fltol                  text14       001F8C
__end_of___wmul                   text5        0024D6
__end_of___xxtofl                 text13       001754
__end_of__initialization          cinit        0024E4
__end_of_funtion                  intcode_body 001A3E
__end_of_lcd_char                 text4        00247A
__end_of_lcd_command              text7        0024AE
__end_of_lcd_number               text3        002194
__end_of_lcd_string               text1        002408
__end_of_main                     text0        00227A
__end_of_strlen                   text2        002446
__end_ofi2_PWM1_Duty              text19       001C6A
__end_ofi2___aldiv                text24       001E84
__end_ofi2___fldiv                text23       00159C
__end_ofi2___flmul                text22       000E66
__end_ofi2___fltol                text21       002092
__end_ofi2___xxtofl               text20       001908
__initialization                  cinit        0024D6
__mediumconst                     mediumconst  000000
__pbssBANK0                       bssBANK0     0000E6
__pbssCOMRAM                      bssCOMRAM    000061
__pcinit                          cinit        0024D6
__pcstackBANK0                    cstackBANK0  000080
__pcstackCOMRAM                   cstackCOMRAM 000001
__pintcode                        intcode      000008
__pintcode_body                   intcode_body 001908
__psmallconst                     smallconst   000600
__ptext0                          text0        002194
__ptext1                          text1        0023B2
__ptext10                         text10       002504
__ptext11                         text11       002340
__ptext12                         text12       001A3E
__ptext13                         text13       00159C
__ptext14                         text14       001E84
__ptext15                         text15       000610
__ptext16                         text16       000E66
__ptext17                         text17       001C6A
__ptext19                         text19       001B58
__ptext2                          text2        002408
__ptext20                         text20       001754
__ptext21                         text21       001F8C
__ptext22                         text22       000A3C
__ptext23                         text23       001202
__ptext24                         text24       001D78
__ptext3                          text3        002092
__ptext4                          text4        002446
__ptext5                          text5        0024AE
__ptext6                          text6        00227A
__ptext7                          text7        00247A
__ptext8                          text8        0024F6
__ptext9                          text9        002512
__ramtop                          ramtop       000600
__size_of_PWM1_Duty               (abs)        000000
__size_of_PWM1_Init               (abs)        000000
__size_of_PWM1_Start              (abs)        000000
__size_of_PortB_Int_Configuration (abs)        000000
__size_of_Timer1_Configuration    (abs)        000000
__size_of___aldiv                 (abs)        000000
__size_of___awdiv                 (abs)        000000
__size_of___fldiv                 (abs)        000000
__size_of___flmul                 (abs)        000000
__size_of___fltol                 (abs)        000000
__size_of___wmul                  (abs)        000000
__size_of___xxtofl                (abs)        000000
__size_of_funtion                 (abs)        000000
__size_of_lcd_char                (abs)        000000
__size_of_lcd_command             (abs)        000000
__size_of_lcd_number              (abs)        000000
__size_of_lcd_string              (abs)        000000
__size_of_main                    (abs)        000000
__size_of_strlen                  (abs)        000000
__size_ofi2_PWM1_Duty             (abs)        000000
__size_ofi2___aldiv               (abs)        000000
__size_ofi2___fldiv               (abs)        000000
__size_ofi2___flmul               (abs)        000000
__size_ofi2___fltol               (abs)        000000
__size_ofi2___xxtofl              (abs)        000000
__smallconst                      smallconst   000600
_funtion                          intcode      000008
_lcd_char                         text4        002446
_lcd_command                      text7        00247A
_lcd_number                       text3        002092
_lcd_string                       text1        0023B2
_main                             text0        002194
_state                            bssCOMRAM    000061
_strlen                           text2        002408
_u32TempFrequency                 bssBANK0     0000E6
btemp                             temp         000063
end_of_initialization             cinit        0024E4
i2PWM1_Duty@duty                  cstackCOMRAM 000059
i2_PWM1_Duty                      text19       001B58
i2___aldiv                        text24       001D78
i2___aldiv@counter                cstackCOMRAM 000009
i2___aldiv@dividend               cstackCOMRAM 000001
i2___aldiv@divisor                cstackCOMRAM 000005
i2___aldiv@quotient               cstackCOMRAM 00000B
i2___aldiv@sign                   cstackCOMRAM 00000A
i2___fldiv                        text23       001202
i2___fldiv@a                      cstackCOMRAM 000021
i2___fldiv@aexp                   cstackCOMRAM 000035
i2___fldiv@b                      cstackCOMRAM 00001D
i2___fldiv@bexp                   cstackCOMRAM 000034
i2___fldiv@grs                    cstackCOMRAM 000030
i2___fldiv@new_exp                cstackCOMRAM 00002E
i2___fldiv@rem                    cstackCOMRAM 000029
i2___fldiv@sign                   cstackCOMRAM 00002D
i2___flmul                        text22       000A3C
i2___flmul@a                      cstackCOMRAM 00003A
i2___flmul@aexp                   cstackCOMRAM 000047
i2___flmul@b                      cstackCOMRAM 000036
i2___flmul@bexp                   cstackCOMRAM 000048
i2___flmul@grs                    cstackCOMRAM 000043
i2___flmul@prod                   cstackCOMRAM 000049
i2___flmul@sign                   cstackCOMRAM 000042
i2___flmul@temp                   cstackCOMRAM 00004D
i2___fltol                        text21       001F8C
i2___fltol@exp1                   cstackCOMRAM 000058
i2___fltol@f1                     cstackCOMRAM 00004F
i2___fltol@sign1                  cstackCOMRAM 000057
i2___xxtofl                       text20       001754
i2___xxtofl@arg                   cstackCOMRAM 000019
i2___xxtofl@exp                   cstackCOMRAM 000018
i2___xxtofl@sign                  cstackCOMRAM 000017
i2___xxtofl@val                   cstackCOMRAM 00000F
int$flags                         temp         000063
int_func                          intcode_body 001908
intlevel0                         text         000000
intlevel1                         text         000000
intlevel2                         text         000000
intlevel3                         text         000000
isa$std                           (abs)        000001
isa$xinst                         (abs)        000000
lcd_char@data                     cstackBANK0  000081
lcd_command@cmnd                  cstackBANK0  000081
lcd_number@num                    cstackBANK0  000088
lcd_number@num_display            cstackBANK0  00008A
lcd_number@num_div                cstackBANK0  00008E
lcd_number@num_test               cstackBANK0  00008C
lcd_string@i                      cstackBANK0  000088
lcd_string@str                    cstackBANK0  000084
main@cnt_af                       cstackBANK0  0000E2
main@cnt_pre                      cstackBANK0  0000E0
main@rate                         cstackBANK0  0000E4
stackhi                           (abs)        0005FF
stacklo                           (abs)        0000EA
start                             init         00000E
start_initialization              cinit        0024D6
strlen@a                          cstackBANK0  000082
strlen@s                          cstackBANK0  000080
ttemp5                            temp         000064
ttemp6                            temp         000067
ttemp7                            temp         00006B
wtemp8                            temp         000064


MODULE INFORMATION

Module		Function		Class		Link	Load	Size
C:\Program Files\Microchip\xc8\v2.32\pic\sources\c99\common\awdiv.c
		___awdiv       		CODE           	227A	0000	198

C:\Program Files\Microchip\xc8\v2.32\pic\sources\c99\common\awdiv.c estimated size: 198

C:\Program Files\Microchip\xc8\v2.32\pic\sources\c99\common\aldiv.c
		___aldiv       		CODE           	1C6A	0000	270

C:\Program Files\Microchip\xc8\v2.32\pic\sources\c99\common\aldiv.c estimated size: 270

MyLcd16.c
		_lcd_command   		CODE           	247A	0000	52
		_lcd_char      		CODE           	2446	0000	52
		_lcd_string    		CODE           	23B2	0000	86
		_lcd_number    		CODE           	2092	0000	258

MyLcd16.c estimated size: 448

newmain.c
		_PWM1_Start    		CODE           	2504	0000	14
		_Timer1_Configuration		CODE           	24F6	0000	14
		_main          		CODE           	2194	0000	230
		_funtion       		CODE           	0008	0000	316
		_PortB_Int_Configuration		CODE           	2512	0000	12
		_PWM1_Init     		CODE           	2340	0000	114
		_PWM1_Duty     		CODE           	1A3E	0000	282

newmain.c estimated size: 982

C:\Program Files\Microchip\xc8\v2.32\pic\sources\c99\common\Umul16.c
		___wmul        		CODE           	24AE	0000	40

C:\Program Files\Microchip\xc8\v2.32\pic\sources\c99\common\Umul16.c estimated size: 40

shared
		i2_PWM1_Duty   		CODE           	1B58	0000	274
		i2___fldiv     		CODE           	1202	0000	922
		i2___fltol     		CODE           	1F8C	0000	262
		__initialization		CODE           	24D6	0000	14
		i2___aldiv     		CODE           	1D78	0000	268
		i2___flmul     		CODE           	0A3C	0000	1066
		i2___xxtofl    		CODE           	1754	0000	436

shared estimated size: 3242

C:\Program Files\Microchip\xc8\v2.32\pic\sources\c99\common\sprcmul.c
		___flmul       		CODE           	0610	0000	1068

C:\Program Files\Microchip\xc8\v2.32\pic\sources\c99\common\sprcmul.c estimated size: 1068

C:\Program Files\Microchip\xc8\v2.32\pic\sources\c99\common\sprcdiv.c
		___fldiv       		CODE           	0E66	0000	924

C:\Program Files\Microchip\xc8\v2.32\pic\sources\c99\common\sprcdiv.c estimated size: 924

C:\Program Files\Microchip\xc8\v2.32\pic\sources\c99\common\fltol.c
		___fltol       		CODE           	1E84	0000	264

C:\Program Files\Microchip\xc8\v2.32\pic\sources\c99\common\fltol.c estimated size: 264

C:\Program Files\Microchip\xc8\v2.32\pic\sources\c99\common\xxtofl.c
		___xxtofl      		CODE           	159C	0000	440

C:\Program Files\Microchip\xc8\v2.32\pic\sources\c99\common\xxtofl.c estimated size: 440

C:\Program Files\Microchip\xc8\v2.32\pic\sources\c99\common\strlen.c
		_strlen        		CODE           	2408	0000	62

C:\Program Files\Microchip\xc8\v2.32\pic\sources\c99\common\strlen.c estimated size: 62

